\BOOKMARK [0][]{chapter.1}{\376\377\000H\000o\000w\000\040\000a\000\040\000M\000E\000R\000N\000\040\000A\000p\000p\000l\000i\000c\000a\000t\000i\000o\000n\000\040\000W\000o\000r\000k\000s}{}% 1
\BOOKMARK [1][]{section.1.1}{\376\377\000T\000h\000e\000\040\000F\000u\000l\000l\000\040\000R\000e\000q\000u\000e\000s\000t\000\040\000L\000i\000f\000e\000c\000y\000c\000l\000e}{chapter.1}% 2
\BOOKMARK [1][]{section.1.2}{\376\377\000C\000o\000n\000c\000r\000e\000t\000e\000\040\000E\000x\000a\000m\000p\000l\000e\000:\000\040\000`\000`\000U\000s\000e\000r\000\040\000C\000l\000i\000c\000k\000s\000\040\000C\000r\000e\000a\000t\000e\000\040\000T\000a\000s\000k\000'\000'}{chapter.1}% 3
\BOOKMARK [0][]{chapter.2}{\376\377\000C\000r\000e\000a\000t\000i\000n\000g\000\040\000a\000\040\000M\000E\000R\000N\000\040\000P\000r\000o\000j\000e\000c\000t}{}% 4
\BOOKMARK [1][]{section.2.1}{\376\377\000S\000c\000a\000f\000f\000o\000l\000d\000i\000n\000g\000\040\000t\000h\000e\000\040\000F\000r\000o\000n\000t\000e\000n\000d}{chapter.2}% 5
\BOOKMARK [1][]{section.2.2}{\376\377\000S\000c\000a\000f\000f\000o\000l\000d\000i\000n\000g\000\040\000t\000h\000e\000\040\000B\000a\000c\000k\000e\000n\000d}{chapter.2}% 6
\BOOKMARK [0][]{chapter.3}{\376\377\000R\000e\000a\000c\000t\000\040\000P\000r\000o\000j\000e\000c\000t\000\040\000S\000t\000r\000u\000c\000t\000u\000r\000e}{}% 7
\BOOKMARK [1][]{section.3.1}{\376\377\000W\000h\000a\000t\000\040\000G\000o\000e\000s\000\040\000W\000h\000e\000r\000e}{chapter.3}% 8
\BOOKMARK [0][]{chapter.4}{\376\377\000C\000o\000m\000p\000o\000n\000e\000n\000t\000s\000\040\000a\000n\000d\000\040\000P\000a\000g\000e\000s}{}% 9
\BOOKMARK [1][]{section.4.1}{\376\377\000C\000o\000m\000p\000o\000n\000e\000n\000t\000\040\000T\000r\000e\000e}{chapter.4}% 10
\BOOKMARK [1][]{section.4.2}{\376\377\000A\000\040\000R\000e\000u\000s\000a\000b\000l\000e\000\040\000C\000o\000m\000p\000o\000n\000e\000n\000t}{chapter.4}% 11
\BOOKMARK [1][]{section.4.3}{\376\377\000A\000\040\000P\000a\000g\000e\000\040\000C\000o\000m\000p\000o\000n\000e\000n\000t}{chapter.4}% 12
\BOOKMARK [1][]{section.4.4}{\376\377\000F\000o\000r\000m\000s\000\040\000a\000n\000d\000\040\000C\000o\000n\000d\000i\000t\000i\000o\000n\000a\000l\000\040\000R\000e\000n\000d\000e\000r\000i\000n\000g}{chapter.4}% 13
\BOOKMARK [0][]{chapter.5}{\376\377\000R\000o\000u\000t\000i\000n\000g\000\040\000w\000i\000t\000h\000\040\000R\000e\000a\000c\000t\000\040\000R\000o\000u\000t\000e\000r}{}% 14
\BOOKMARK [1][]{section.5.1}{\376\377\000C\000o\000r\000e\000\040\000B\000u\000i\000l\000d\000i\000n\000g\000\040\000B\000l\000o\000c\000k\000s}{chapter.5}% 15
\BOOKMARK [1][]{section.5.2}{\376\377\000P\000r\000o\000t\000e\000c\000t\000e\000d\000\040\000R\000o\000u\000t\000e\000s}{chapter.5}% 16
\BOOKMARK [0][]{chapter.6}{\376\377\000R\000e\000a\000c\000t\000\040\000S\000t\000a\000t\000e\000\040\000M\000a\000n\000a\000g\000e\000m\000e\000n\000t}{}% 17
\BOOKMARK [1][]{section.6.1}{\376\377\000T\000h\000e\000\040\000C\000o\000r\000e\000\040\000H\000o\000o\000k\000s\000\040\000i\000n\000\040\000P\000r\000a\000c\000t\000i\000c\000e}{chapter.6}% 18
\BOOKMARK [1][]{section.6.2}{\376\377\000A\000\040\000C\000u\000s\000t\000o\000m\000\040\000H\000o\000o\000k\000:\000\040\000u\000s\000e\000A\000u\000t\000h}{chapter.6}% 19
\BOOKMARK [1][]{section.6.3}{\376\377\000C\000o\000m\000m\000o\000n\000\040\000M\000i\000s\000t\000a\000k\000e\000s\000:\000\040\000I\000n\000f\000i\000n\000i\000t\000e\000\040\000A\000P\000I\000\040\000C\000a\000l\000l\000\040\000L\000o\000o\000p\000s}{chapter.6}% 20
\BOOKMARK [0][]{chapter.7}{\376\377\000A\000x\000i\000o\000s\000\040\000a\000n\000d\000\040\000t\000h\000e\000\040\000F\000r\000o\000n\000t\000e\000n\000d\000\040\000A\000P\000I\000\040\000L\000a\000y\000e\000r}{}% 21
\BOOKMARK [1][]{section.7.1}{\376\377\000A\000\040\000C\000e\000n\000t\000r\000a\000l\000i\000z\000e\000d\000\040\000A\000x\000i\000o\000s\000\040\000I\000n\000s\000t\000a\000n\000c\000e}{chapter.7}% 22
\BOOKMARK [1][]{section.7.2}{\376\377\000I\000n\000t\000e\000r\000c\000e\000p\000t\000o\000r\000s}{chapter.7}% 23
\BOOKMARK [1][]{section.7.3}{\376\377\000E\000r\000r\000o\000r\000\040\000H\000a\000n\000d\000l\000i\000n\000g\000\040\000i\000n\000\040\000S\000e\000r\000v\000i\000c\000e\000\040\000F\000u\000n\000c\000t\000i\000o\000n\000s}{chapter.7}% 24
\BOOKMARK [0][]{chapter.8}{\376\377\000E\000s\000t\000a\000b\000l\000i\000s\000h\000i\000n\000g\000\040\000A\000P\000I\000\040\000C\000o\000m\000m\000u\000n\000i\000c\000a\000t\000i\000o\000n}{}% 25
\BOOKMARK [1][]{section.8.1}{\376\377\000T\000h\000e\000\040\000C\000o\000m\000p\000l\000e\000t\000e\000\040\000C\000y\000c\000l\000e\000,\000\040\000L\000a\000b\000e\000l\000e\000d}{chapter.8}% 26
\BOOKMARK [1][]{section.8.2}{\376\377\000T\000h\000e\000\040\000F\000r\000o\000n\000t\000e\000n\000d\000\040\000S\000i\000d\000e}{chapter.8}% 27
\BOOKMARK [1][]{section.8.3}{\376\377\000T\000h\000e\000\040\000B\000a\000c\000k\000e\000n\000d\000\040\000S\000i\000d\000e}{chapter.8}% 28
\BOOKMARK [1][]{section.8.4}{\376\377\000S\000t\000a\000n\000d\000a\000r\000d\000\040\000R\000e\000s\000p\000o\000n\000s\000e\000\040\000S\000h\000a\000p\000e\000s}{chapter.8}% 29
\BOOKMARK [0][]{chapter.9}{\376\377\000E\000x\000p\000r\000e\000s\000s\000\040\000S\000e\000r\000v\000e\000r\000\040\000S\000e\000t\000u\000p}{}% 30
\BOOKMARK [1][]{section.9.1}{\376\377\000W\000h\000y\000\040\000S\000p\000l\000i\000t\000\040\000a\000p\000p\000.\000j\000s\000\040\000a\000n\000d\000\040\000s\000e\000r\000v\000e\000r\000.\000j\000s}{chapter.9}% 31
\BOOKMARK [2][]{subsection.9.1.1}{\376\377\000b\000a\000c\000k\000e\000n\000d\000/\000s\000r\000c\000/\000a\000p\000p\000.\000j\000s}{section.9.1}% 32
\BOOKMARK [2][]{subsection.9.1.2}{\376\377\000b\000a\000c\000k\000e\000n\000d\000/\000s\000r\000c\000/\000s\000e\000r\000v\000e\000r\000.\000j\000s}{section.9.1}% 33
\BOOKMARK [1][]{section.9.2}{\376\377\000C\000o\000r\000e\000\040\000C\000o\000n\000c\000e\000p\000t\000s\000\040\000R\000e\000c\000a\000p}{chapter.9}% 34
\BOOKMARK [0][]{chapter.10}{\376\377\000E\000x\000p\000r\000e\000s\000s\000\040\000R\000o\000u\000t\000i\000n\000g}{}% 35
\BOOKMARK [1][]{section.10.1}{\376\377\000H\000T\000T\000P\000\040\000M\000e\000t\000h\000o\000d\000s\000\040\000a\000n\000d\000\040\000T\000h\000e\000i\000r\000\040\000P\000u\000r\000p\000o\000s\000e}{chapter.10}% 36
\BOOKMARK [1][]{section.10.2}{\376\377\000R\000o\000u\000t\000e\000\040\000F\000i\000l\000e\000s\000\040\000w\000i\000t\000h\000\040\000e\000x\000p\000r\000e\000s\000s\000.\000R\000o\000u\000t\000e\000r\000\050\000\051}{chapter.10}% 37
\BOOKMARK [2][]{subsection.10.2.1}{\376\377\000r\000o\000u\000t\000e\000s\000/\000a\000u\000t\000h\000.\000r\000o\000u\000t\000e\000s\000.\000j\000s}{section.10.2}% 38
\BOOKMARK [2][]{subsection.10.2.2}{\376\377\000r\000o\000u\000t\000e\000s\000/\000u\000s\000e\000r\000.\000r\000o\000u\000t\000e\000s\000.\000j\000s}{section.10.2}% 39
\BOOKMARK [2][]{subsection.10.2.3}{\376\377\000r\000o\000u\000t\000e\000s\000/\000t\000a\000s\000k\000.\000r\000o\000u\000t\000e\000s\000.\000j\000s}{section.10.2}% 40
\BOOKMARK [2][]{subsection.10.2.4}{\376\377\000r\000o\000u\000t\000e\000s\000/\000p\000r\000o\000f\000i\000l\000e\000.\000r\000o\000u\000t\000e\000s\000.\000j\000s}{section.10.2}% 41
\BOOKMARK [1][]{section.10.3}{\376\377\000R\000o\000u\000t\000e\000\040\000P\000a\000r\000a\000m\000s\000\040\000v\000s\000\040\000Q\000u\000e\000r\000y\000\040\000P\000a\000r\000a\000m\000s\000\040\000v\000s\000\040\000B\000o\000d\000y}{chapter.10}% 42
\BOOKMARK [1][]{section.10.4}{\376\377\000T\000a\000s\000k\000\040\000R\000o\000u\000t\000e\000s\000\040\000R\000e\000f\000e\000r\000e\000n\000c\000e}{chapter.10}% 43
\BOOKMARK [0][]{chapter.11}{\376\377\000M\000V\000C\000\040\000+\000\040\000S\000e\000r\000v\000i\000c\000e\000\040\000L\000a\000y\000e\000r\000\040\000A\000r\000c\000h\000i\000t\000e\000c\000t\000u\000r\000e}{}% 44
\BOOKMARK [1][]{section.11.1}{\376\377\000P\000r\000o\000f\000e\000s\000s\000i\000o\000n\000a\000l\000\040\000B\000a\000c\000k\000e\000n\000d\000\040\000F\000o\000l\000d\000e\000r\000\040\000S\000t\000r\000u\000c\000t\000u\000r\000e}{chapter.11}% 45
\BOOKMARK [1][]{section.11.2}{\376\377\000T\000h\000e\000\040\000R\000e\000q\000u\000e\000s\000t\000\040\000F\000l\000o\000w}{chapter.11}% 46
\BOOKMARK [1][]{section.11.3}{\376\377\000A\000n\000t\000i\000-\000P\000a\000t\000t\000e\000r\000n\000:\000\040\000E\000v\000e\000r\000y\000t\000h\000i\000n\000g\000\040\000i\000n\000\040\000t\000h\000e\000\040\000R\000o\000u\000t\000e\000\040\000H\000a\000n\000d\000l\000e\000r}{chapter.11}% 47
\BOOKMARK [1][]{section.11.4}{\376\377\000R\000e\000f\000a\000c\000t\000o\000r\000e\000d\000:\000\040\000R\000o\000u\000t\000e\000\040\000-\000>\000\040\000C\000o\000n\000t\000r\000o\000l\000l\000e\000r\000\040\000-\000>\000\040\000S\000e\000r\000v\000i\000c\000e}{chapter.11}% 48
\BOOKMARK [2][]{subsection.11.4.1}{\376\377\000r\000o\000u\000t\000e\000s\000/\000t\000a\000s\000k\000.\000r\000o\000u\000t\000e\000s\000.\000j\000s}{section.11.4}% 49
\BOOKMARK [2][]{subsection.11.4.2}{\376\377\000c\000o\000n\000t\000r\000o\000l\000l\000e\000r\000s\000/\000t\000a\000s\000k\000.\000c\000o\000n\000t\000r\000o\000l\000l\000e\000r\000.\000j\000s}{section.11.4}% 50
\BOOKMARK [2][]{subsection.11.4.3}{\376\377\000s\000e\000r\000v\000i\000c\000e\000s\000/\000t\000a\000s\000k\000.\000s\000e\000r\000v\000i\000c\000e\000.\000j\000s}{section.11.4}% 51
\BOOKMARK [1][]{section.11.5}{\376\377\000L\000a\000y\000e\000r\000\040\000R\000e\000s\000p\000o\000n\000s\000i\000b\000i\000l\000i\000t\000i\000e\000s}{chapter.11}% 52
\BOOKMARK [0][]{chapter.12}{\376\377\000M\000o\000n\000g\000o\000D\000B\000\040\000S\000e\000t\000u\000p}{}% 53
\BOOKMARK [1][]{section.12.1}{\376\377\000C\000o\000r\000e\000\040\000C\000o\000n\000c\000e\000p\000t\000s}{chapter.12}% 54
\BOOKMARK [1][]{section.12.2}{\376\377\000C\000o\000n\000n\000e\000c\000t\000i\000n\000g\000\040\000w\000i\000t\000h\000\040\000M\000o\000n\000g\000o\000o\000s\000e}{chapter.12}% 55
\BOOKMARK [2][]{subsection.12.2.1}{\376\377\000c\000o\000n\000f\000i\000g\000/\000d\000b\000.\000j\000s}{section.12.2}% 56
\BOOKMARK [2][]{subsection.12.2.2}{\376\377\000s\000e\000r\000v\000e\000r\000.\000j\000s\000\040\000\050\000e\000x\000c\000e\000r\000p\000t\000\051}{section.12.2}% 57
\BOOKMARK [1][]{section.12.3}{\376\377\000M\000o\000n\000g\000o\000D\000B\000\040\000A\000t\000l\000a\000s\000\040\000C\000o\000n\000n\000e\000c\000t\000i\000o\000n\000\040\000S\000t\000r\000i\000n\000g}{chapter.12}% 58
\BOOKMARK [0][]{chapter.13}{\376\377\000M\000o\000n\000g\000o\000o\000s\000e\000\040\000S\000c\000h\000e\000m\000a\000s\000\040\000a\000n\000d\000\040\000M\000o\000d\000e\000l\000s}{}% 59
\BOOKMARK [1][]{section.13.1}{\376\377\000S\000c\000h\000e\000m\000a\000\040\000v\000s\000\040\000M\000o\000d\000e\000l}{chapter.13}% 60
\BOOKMARK [1][]{section.13.2}{\376\377\000T\000a\000s\000k\000\040\000S\000c\000h\000e\000m\000a}{chapter.13}% 61
\BOOKMARK [1][]{section.13.3}{\376\377\000F\000i\000e\000l\000d\000\040\000O\000p\000t\000i\000o\000n\000s\000\040\000E\000x\000p\000l\000a\000i\000n\000e\000d}{chapter.13}% 62
\BOOKMARK [1][]{section.13.4}{\376\377\000U\000s\000e\000r\000\040\000S\000c\000h\000e\000m\000a\000\040\000\050\000f\000o\000r\000\040\000l\000a\000t\000e\000r\000\040\000c\000h\000a\000p\000t\000e\000r\000s\000\051}{chapter.13}% 63
\BOOKMARK [0][]{chapter.14}{\376\377\000C\000o\000m\000p\000l\000e\000t\000e\000\040\000C\000R\000U\000D\000:\000\040\000T\000h\000e\000\040\000T\000a\000s\000k\000\040\000R\000e\000s\000o\000u\000r\000c\000e\000\040\000E\000n\000d\000\040\000t\000o\000\040\000E\000n\000d}{}% 64
\BOOKMARK [1][]{section.14.1}{\376\377\000B\000a\000c\000k\000e\000n\000d\000:\000\040\000R\000o\000u\000t\000e\000s}{chapter.14}% 65
\BOOKMARK [1][]{section.14.2}{\376\377\000B\000a\000c\000k\000e\000n\000d\000:\000\040\000S\000e\000r\000v\000i\000c\000e\000\040\000L\000a\000y\000e\000r}{chapter.14}% 66
\BOOKMARK [1][]{section.14.3}{\376\377\000B\000a\000c\000k\000e\000n\000d\000:\000\040\000C\000o\000n\000t\000r\000o\000l\000l\000e\000r}{chapter.14}% 67
\BOOKMARK [1][]{section.14.4}{\376\377\000F\000r\000o\000n\000t\000e\000n\000d\000:\000\040\000t\000a\000s\000k\000S\000e\000r\000v\000i\000c\000e\000.\000j\000s}{chapter.14}% 68
\BOOKMARK [1][]{section.14.5}{\376\377\000F\000r\000o\000n\000t\000e\000n\000d\000:\000\040\000T\000a\000s\000k\000F\000o\000r\000m\000.\000j\000s\000x}{chapter.14}% 69
\BOOKMARK [1][]{section.14.6}{\376\377\000F\000r\000o\000n\000t\000e\000n\000d\000:\000\040\000T\000a\000s\000k\000L\000i\000s\000t\000.\000j\000s\000x}{chapter.14}% 70
\BOOKMARK [1][]{section.14.7}{\376\377\000E\000n\000d\000-\000t\000o\000-\000E\000n\000d\000\040\000F\000l\000o\000w\000s}{chapter.14}% 71
\BOOKMARK [0][]{chapter.15}{\376\377\000D\000a\000t\000a\000b\000a\000s\000e\000\040\000R\000e\000l\000a\000t\000i\000o\000n\000s\000h\000i\000p\000s}{}% 72
\BOOKMARK [1][]{section.15.1}{\376\377\000O\000n\000e\000-\000t\000o\000-\000O\000n\000e\000:\000\040\000U\000s\000e\000r\000\040\000a\000n\000d\000\040\000P\000r\000o\000f\000i\000l\000e}{chapter.15}% 73
\BOOKMARK [1][]{section.15.2}{\376\377\000O\000n\000e\000-\000t\000o\000-\000M\000a\000n\000y\000:\000\040\000U\000s\000e\000r\000\040\000a\000n\000d\000\040\000T\000a\000s\000k\000s}{chapter.15}% 74
\BOOKMARK [1][]{section.15.3}{\376\377\000p\000o\000p\000u\000l\000a\000t\000e\000\050\000\051\000:\000\040\000R\000e\000s\000o\000l\000v\000i\000n\000g\000\040\000R\000e\000f\000e\000r\000e\000n\000c\000e\000s}{chapter.15}% 75
\BOOKMARK [2][]{subsection.15.3.1}{\376\377\000B\000e\000f\000o\000r\000e\000\040\000p\000o\000p\000u\000l\000a\000t\000e\000\050\000\051\000\040\040\024\000\040\000r\000a\000w\000\040\000O\000b\000j\000e\000c\000t\000I\000d}{section.15.3}% 76
\BOOKMARK [2][]{subsection.15.3.2}{\376\377\000A\000f\000t\000e\000r\000\040\000p\000o\000p\000u\000l\000a\000t\000e\000\050\000"\000u\000s\000e\000r\000"\000,\000\040\000"\000n\000a\000m\000e\000\040\000e\000m\000a\000i\000l\000"\000\051}{section.15.3}% 77
\BOOKMARK [1][]{section.15.4}{\376\377\000M\000a\000n\000y\000-\000t\000o\000-\000M\000a\000n\000y\000:\000\040\000U\000s\000e\000r\000s\000\040\000a\000n\000d\000\040\000P\000r\000o\000j\000e\000c\000t\000s}{chapter.15}% 78
\BOOKMARK [0][]{chapter.16}{\376\377\000C\000o\000m\000p\000l\000e\000t\000e\000\040\000A\000u\000t\000h\000e\000n\000t\000i\000c\000a\000t\000i\000o\000n\000\040\000S\000y\000s\000t\000e\000m\000\040\000\050\000O\000v\000e\000r\000v\000i\000e\000w\000\051}{}% 79
\BOOKMARK [1][]{section.16.1}{\376\377\000R\000e\000g\000i\000s\000t\000e\000r\000\040\000F\000l\000o\000w}{chapter.16}% 80
\BOOKMARK [1][]{section.16.2}{\376\377\000L\000o\000g\000i\000n\000\040\000F\000l\000o\000w}{chapter.16}% 81
\BOOKMARK [1][]{section.16.3}{\376\377\000a\000u\000t\000h\000C\000o\000n\000t\000r\000o\000l\000l\000e\000r\000.\000j\000s\000\040\000S\000k\000e\000l\000e\000t\000o\000n}{chapter.16}% 82
\BOOKMARK [1][]{section.16.4}{\376\377\000A\000u\000t\000h\000\040\000R\000o\000u\000t\000e\000s}{chapter.16}% 83
\BOOKMARK [1][]{section.16.5}{\376\377\000W\000h\000a\000t\000\040\000C\000o\000m\000e\000s\000\040\000N\000e\000x\000t}{chapter.16}% 84
\BOOKMARK [0][]{chapter.17}{\376\377\000P\000a\000s\000s\000w\000o\000r\000d\000\040\000H\000a\000s\000h\000i\000n\000g\000\040\000w\000i\000t\000h\000\040\000b\000c\000r\000y\000p\000t}{}% 85
\BOOKMARK [1][]{section.17.1}{\376\377\000H\000a\000s\000h\000i\000n\000g\000\040\000a\000n\000d\000\040\000S\000a\000l\000t}{chapter.17}% 86
\BOOKMARK [1][]{section.17.2}{\376\377\000H\000a\000s\000h\000i\000n\000g\000\040\000o\000n\000\040\000R\000e\000g\000i\000s\000t\000r\000a\000t\000i\000o\000n}{chapter.17}% 87
\BOOKMARK [2][]{subsection.17.2.1}{\376\377\000T\000h\000e\000\040\000S\000a\000l\000t\000\040\000R\000o\000u\000n\000d\000s\000\040\000T\000r\000a\000d\000e\000o\000f\000f}{section.17.2}% 88
\BOOKMARK [1][]{section.17.3}{\376\377\000V\000e\000r\000i\000f\000y\000i\000n\000g\000\040\000o\000n\000\040\000L\000o\000g\000i\000n}{chapter.17}% 89
\BOOKMARK [1][]{section.17.4}{\376\377\000A\000l\000t\000e\000r\000n\000a\000t\000i\000v\000e\000:\000\040\000H\000a\000s\000h\000i\000n\000g\000\040\000i\000n\000\040\000a\000\040\000M\000o\000n\000g\000o\000o\000s\000e\000\040\000P\000r\000e\000-\000S\000a\000v\000e\000\040\000H\000o\000o\000k}{chapter.17}% 90
\BOOKMARK [2][]{subsection.17.4.1}{\376\377\000W\000h\000y\000\040\000i\000s\000M\000o\000d\000i\000f\000i\000e\000d\000\050\000"\000p\000a\000s\000s\000w\000o\000r\000d\000"\000\051\000\040\000M\000a\000t\000t\000e\000r\000s}{section.17.4}% 91
\BOOKMARK [0][]{chapter.18}{\376\377\000J\000W\000T\000\040\000A\000u\000t\000h\000e\000n\000t\000i\000c\000a\000t\000i\000o\000n}{}% 92
\BOOKMARK [1][]{section.18.1}{\376\377\000A\000n\000a\000t\000o\000m\000y\000\040\000o\000f\000\040\000a\000\040\000J\000W\000T}{chapter.18}% 93
\BOOKMARK [2][]{subsection.18.1.1}{\376\377\000E\000x\000p\000i\000r\000a\000t\000i\000o\000n\000\040\000a\000n\000d\000\040\000S\000i\000g\000n\000i\000n\000g}{section.18.1}% 94
\BOOKMARK [1][]{section.18.2}{\376\377\000T\000h\000e\000\040\000A\000u\000t\000h\000e\000n\000t\000i\000c\000a\000t\000i\000o\000n\000\040\000F\000l\000o\000w}{chapter.18}% 95
\BOOKMARK [1][]{section.18.3}{\376\377\000G\000e\000n\000e\000r\000a\000t\000i\000n\000g\000\040\000a\000\040\000T\000o\000k\000e\000n}{chapter.18}% 96
\BOOKMARK [1][]{section.18.4}{\376\377\000V\000e\000r\000i\000f\000y\000i\000n\000g\000\040\000a\000\040\000T\000o\000k\000e\000n}{chapter.18}% 97
\BOOKMARK [0][]{chapter.19}{\376\377\000S\000e\000c\000u\000r\000e\000\040\000A\000u\000t\000h\000e\000n\000t\000i\000c\000a\000t\000i\000o\000n\000\040\000C\000o\000o\000k\000i\000e\000s}{}% 98
\BOOKMARK [1][]{section.19.1}{\376\377\000S\000e\000t\000t\000i\000n\000g\000\040\000t\000h\000e\000\040\000C\000o\000o\000k\000i\000e}{chapter.19}% 99
\BOOKMARK [1][]{section.19.2}{\376\377\000W\000h\000y\000\040\000E\000a\000c\000h\000\040\000C\000o\000o\000k\000i\000e\000\040\000O\000p\000t\000i\000o\000n\000\040\000E\000x\000i\000s\000t\000s}{chapter.19}% 100
\BOOKMARK [1][]{section.19.3}{\376\377\000T\000h\000e\000\040\000F\000r\000o\000n\000t\000e\000n\000d\000\040\000S\000i\000d\000e\000:\000\040\000w\000i\000t\000h\000C\000r\000e\000d\000e\000n\000t\000i\000a\000l\000s}{chapter.19}% 101
\BOOKMARK [0][]{chapter.20}{\376\377\000A\000u\000t\000h\000\040\000M\000i\000d\000d\000l\000e\000w\000a\000r\000e\000\040\000f\000o\000r\000\040\000P\000r\000o\000t\000e\000c\000t\000e\000d\000\040\000A\000P\000I\000s}{}% 102
\BOOKMARK [1][]{section.20.1}{\376\377\000T\000h\000e\000\040\000p\000r\000o\000t\000e\000c\000t\000\040\000M\000i\000d\000d\000l\000e\000w\000a\000r\000e}{chapter.20}% 103
\BOOKMARK [2][]{subsection.20.1.1}{\376\377\000W\000a\000l\000k\000i\000n\000g\000\040\000T\000h\000r\000o\000u\000g\000h\000\040\000E\000a\000c\000h\000\040\000F\000a\000i\000l\000u\000r\000e\000\040\000C\000a\000s\000e}{section.20.1}% 104
\BOOKMARK [1][]{section.20.2}{\376\377\000U\000s\000i\000n\000g\000\040\000t\000h\000e\000\040\000M\000i\000d\000d\000l\000e\000w\000a\000r\000e}{chapter.20}% 105
\BOOKMARK [0][]{chapter.21}{\376\377\000A\000u\000t\000h\000o\000r\000i\000z\000a\000t\000i\000o\000n\000:\000\040\000R\000o\000l\000e\000s\000\040\000a\000n\000d\000\040\000P\000e\000r\000m\000i\000s\000s\000i\000o\000n\000s}{}% 106
\BOOKMARK [1][]{section.21.1}{\376\377\000A\000u\000t\000h\000e\000n\000t\000i\000c\000a\000t\000i\000o\000n\000\040\000v\000s\000\040\000A\000u\000t\000h\000o\000r\000i\000z\000a\000t\000i\000o\000n}{chapter.21}% 107
\BOOKMARK [1][]{section.21.2}{\376\377\000T\000h\000e\000\040\000R\000o\000l\000e\000\040\000F\000i\000e\000l\000d}{chapter.21}% 108
\BOOKMARK [1][]{section.21.3}{\376\377\000T\000h\000e\000\040\000a\000u\000t\000h\000o\000r\000i\000z\000e\000\040\000M\000i\000d\000d\000l\000e\000w\000a\000r\000e\000\040\000F\000a\000c\000t\000o\000r\000y}{chapter.21}% 109
\BOOKMARK [1][]{section.21.4}{\376\377\000U\000s\000i\000n\000g\000\040\000I\000t\000\040\000o\000n\000\040\000R\000o\000u\000t\000e\000s}{chapter.21}% 110
\BOOKMARK [0][]{chapter.22}{\376\377\000G\000o\000o\000g\000l\000e\000\040\000O\000A\000u\000t\000h\000\040\000L\000o\000g\000i\000n}{}% 111
\BOOKMARK [1][]{section.22.1}{\376\377\000T\000h\000e\000\040\000B\000i\000g\000\040\000P\000i\000c\000t\000u\000r\000e}{chapter.22}% 112
\BOOKMARK [1][]{section.22.2}{\376\377\000G\000o\000o\000g\000l\000e\000\040\000C\000l\000o\000u\000d\000\040\000C\000o\000n\000s\000o\000l\000e\000\040\000S\000e\000t\000u\000p}{chapter.22}% 113
\BOOKMARK [1][]{section.22.3}{\376\377\000B\000a\000c\000k\000e\000n\000d\000:\000\040\000V\000e\000r\000i\000f\000y\000i\000n\000g\000\040\000t\000h\000e\000\040\000I\000D\000\040\000T\000o\000k\000e\000n}{chapter.22}% 114
\BOOKMARK [1][]{section.22.4}{\376\377\000H\000a\000n\000d\000l\000i\000n\000g\000\040\000t\000h\000e\000\040\000P\000a\000s\000s\000w\000o\000r\000d\000\040\000F\000i\000e\000l\000d}{chapter.22}% 115
\BOOKMARK [1][]{section.22.5}{\376\377\000S\000u\000b\000s\000e\000q\000u\000e\000n\000t\000\040\000L\000o\000g\000i\000n\000s}{chapter.22}% 116
\BOOKMARK [0][]{chapter.23}{\376\377\000B\000a\000c\000k\000e\000n\000d\000\040\000V\000a\000l\000i\000d\000a\000t\000i\000o\000n}{}% 117
\BOOKMARK [1][]{section.23.1}{\376\377\000F\000r\000o\000n\000t\000e\000n\000d\000\040\000v\000s\000\040\000B\000a\000c\000k\000e\000n\000d\000\040\000V\000a\000l\000i\000d\000a\000t\000i\000o\000n}{chapter.23}% 118
\BOOKMARK [1][]{section.23.2}{\376\377\000V\000a\000l\000i\000d\000a\000t\000i\000n\000g\000\040\000w\000i\000t\000h\000\040\000e\000x\000p\000r\000e\000s\000s\000-\000v\000a\000l\000i\000d\000a\000t\000o\000r}{chapter.23}% 119
\BOOKMARK [1][]{section.23.3}{\376\377\000W\000i\000r\000i\000n\000g\000\040\000I\000t\000\040\000I\000n\000t\000o\000\040\000t\000h\000e\000\040\000R\000o\000u\000t\000e}{chapter.23}% 120
\BOOKMARK [0][]{chapter.24}{\376\377\000G\000l\000o\000b\000a\000l\000\040\000E\000r\000r\000o\000r\000\040\000H\000a\000n\000d\000l\000i\000n\000g}{}% 121
\BOOKMARK [1][]{section.24.1}{\376\377\000A\000\040\000C\000u\000s\000t\000o\000m\000\040\000A\000p\000p\000E\000r\000r\000o\000r\000\040\000C\000l\000a\000s\000s}{chapter.24}% 122
\BOOKMARK [1][]{section.24.2}{\376\377\000A\000v\000o\000i\000d\000i\000n\000g\000\040\000R\000e\000p\000e\000t\000i\000t\000i\000v\000e\000\040\000t\000r\000y\000/\000c\000a\000t\000c\000h\000:\000\040\000a\000s\000y\000n\000c\000H\000a\000n\000d\000l\000e\000r}{chapter.24}% 123
\BOOKMARK [1][]{section.24.3}{\376\377\000T\000h\000e\000\040\000G\000l\000o\000b\000a\000l\000\040\000E\000r\000r\000o\000r\000\040\000M\000i\000d\000d\000l\000e\000w\000a\000r\000e}{chapter.24}% 124
\BOOKMARK [1][]{section.24.4}{\376\377\000M\000a\000p\000p\000i\000n\000g\000\040\000M\000o\000n\000g\000o\000o\000s\000e\000-\000S\000p\000e\000c\000i\000f\000i\000c\000\040\000E\000r\000r\000o\000r\000s}{chapter.24}% 125
\BOOKMARK [0][]{chapter.25}{\376\377\000H\000T\000T\000P\000\040\000S\000t\000a\000t\000u\000s\000\040\000C\000o\000d\000e\000s\000\040\000R\000e\000f\000e\000r\000e\000n\000c\000e}{}% 126
\BOOKMARK [1][]{section.25.1}{\376\377\000W\000h\000y\000\040\000S\000t\000a\000t\000u\000s\000\040\000C\000o\000d\000e\000s\000\040\000M\000a\000t\000t\000e\000r}{chapter.25}% 127
\BOOKMARK [1][]{section.25.2}{\376\377\000R\000e\000f\000e\000r\000e\000n\000c\000e\000\040\000T\000a\000b\000l\000e}{chapter.25}% 128
\BOOKMARK [0][]{chapter.26}{\376\377\000C\000O\000R\000S\000\040\040\024\000\040\000C\000o\000n\000n\000e\000c\000t\000i\000n\000g\000\040\000D\000i\000f\000f\000e\000r\000e\000n\000t\000\040\000O\000r\000i\000g\000i\000n\000s}{}% 129
\BOOKMARK [1][]{section.26.1}{\376\377\000W\000h\000y\000\040\000t\000h\000e\000\040\000B\000r\000o\000w\000s\000e\000r\000\040\000B\000l\000o\000c\000k\000s\000\040\000t\000h\000e\000\040\000R\000e\000q\000u\000e\000s\000t}{chapter.26}% 130
\BOOKMARK [2][]{subsection.26.1.1}{\376\377\000P\000r\000e\000f\000l\000i\000g\000h\000t\000\040\000R\000e\000q\000u\000e\000s\000t\000s}{section.26.1}% 131
\BOOKMARK [1][]{section.26.2}{\376\377\000C\000o\000n\000f\000i\000g\000u\000r\000i\000n\000g\000\040\000C\000O\000R\000S\000\040\000i\000n\000\040\000E\000x\000p\000r\000e\000s\000s}{chapter.26}% 132
\BOOKMARK [1][]{section.26.3}{\376\377\000C\000o\000m\000m\000o\000n\000\040\000C\000O\000R\000S\000\040\000E\000r\000r\000o\000r\000s\000\040\000a\000n\000d\000\040\000F\000i\000x\000e\000s}{chapter.26}% 133
\BOOKMARK [0][]{chapter.27}{\376\377\000F\000i\000l\000e\000\040\000U\000p\000l\000o\000a\000d\000s\000\040\000\050\000M\000u\000l\000t\000e\000r\000\040\000+\000\040\000C\000l\000o\000u\000d\000i\000n\000a\000r\000y\000\051}{}% 134
\BOOKMARK [1][]{section.27.1}{\376\377\000T\000h\000e\000\040\000U\000p\000l\000o\000a\000d\000\040\000P\000i\000p\000e\000l\000i\000n\000e}{chapter.27}% 135
\BOOKMARK [2][]{subsection.27.1.1}{\376\377\000W\000h\000y\000\040\000m\000u\000l\000t\000i\000p\000a\000r\000t\000/\000f\000o\000r\000m\000-\000d\000a\000t\000a}{section.27.1}% 136
\BOOKMARK [1][]{section.27.2}{\376\377\000B\000a\000c\000k\000e\000n\000d\000:\000\040\000M\000u\000l\000t\000e\000r\000\040\000C\000o\000n\000f\000i\000g\000u\000r\000a\000t\000i\000o\000n}{chapter.27}% 137
\BOOKMARK [2][]{subsection.27.2.1}{\376\377\000C\000l\000o\000u\000d\000i\000n\000a\000r\000y\000\040\000C\000o\000n\000f\000i\000g\000u\000r\000a\000t\000i\000o\000n}{section.27.2}% 138
\BOOKMARK [2][]{subsection.27.2.2}{\376\377\000C\000o\000n\000t\000r\000o\000l\000l\000e\000r\000:\000\040\000U\000p\000l\000o\000a\000d\000\040\000a\000n\000d\000\040\000S\000a\000v\000e}{section.27.2}% 139
\BOOKMARK [2][]{subsection.27.2.3}{\376\377\000R\000o\000u\000t\000e\000\040\000W\000i\000r\000i\000n\000g}{section.27.2}% 140
\BOOKMARK [1][]{section.27.3}{\376\377\000F\000r\000o\000n\000t\000e\000n\000d\000:\000\040\000B\000u\000i\000l\000d\000i\000n\000g\000\040\000a\000n\000d\000\040\000S\000e\000n\000d\000i\000n\000g\000\040\000F\000o\000r\000m\000D\000a\000t\000a}{chapter.27}% 141
\BOOKMARK [0][]{chapter.28}{\376\377\000S\000e\000a\000r\000c\000h\000,\000\040\000F\000i\000l\000t\000e\000r\000,\000\040\000a\000n\000d\000\040\000S\000o\000r\000t}{}% 142
\BOOKMARK [1][]{section.28.1}{\376\377\000T\000a\000r\000g\000e\000t\000\040\000E\000n\000d\000p\000o\000i\000n\000t}{chapter.28}% 143
\BOOKMARK [1][]{section.28.2}{\376\377\000B\000a\000c\000k\000e\000n\000d\000:\000\040\000B\000u\000i\000l\000d\000i\000n\000g\000\040\000t\000h\000e\000\040\000F\000i\000l\000t\000e\000r\000\040\000D\000y\000n\000a\000m\000i\000c\000a\000l\000l\000y}{chapter.28}% 144
\BOOKMARK [1][]{section.28.3}{\376\377\000F\000r\000o\000n\000t\000e\000n\000d\000:\000\040\000Q\000u\000e\000r\000y\000\040\000S\000t\000a\000t\000e\000\040\000a\000n\000d\000\040\000S\000e\000r\000v\000i\000c\000e\000\040\000F\000u\000n\000c\000t\000i\000o\000n}{chapter.28}% 145
\BOOKMARK [0][]{chapter.29}{\376\377\000P\000a\000g\000i\000n\000a\000t\000i\000o\000n}{}% 146
\BOOKMARK [1][]{section.29.1}{\376\377\000T\000h\000e\000\040\000s\000k\000i\000p\000/\000l\000i\000m\000i\000t\000\040\000F\000o\000r\000m\000u\000l\000a}{chapter.29}% 147
\BOOKMARK [1][]{section.29.2}{\376\377\000B\000a\000c\000k\000e\000n\000d\000\040\000I\000m\000p\000l\000e\000m\000e\000n\000t\000a\000t\000i\000o\000n}{chapter.29}% 148
\BOOKMARK [2][]{subsection.29.2.1}{\376\377\000R\000e\000s\000p\000o\000n\000s\000e\000\040\000S\000h\000a\000p\000e}{section.29.2}% 149
\BOOKMARK [1][]{section.29.3}{\376\377\000F\000r\000o\000n\000t\000e\000n\000d\000:\000\040\000P\000a\000g\000i\000n\000a\000t\000i\000o\000n\000\040\000C\000o\000n\000t\000r\000o\000l\000s}{chapter.29}% 150
\BOOKMARK [0][]{chapter.30}{\376\377\000M\000o\000n\000g\000o\000D\000B\000\040\000I\000n\000d\000e\000x\000i\000n\000g}{}% 151
\BOOKMARK [1][]{section.30.1}{\376\377\000W\000h\000a\000t\000\040\000a\000n\000\040\000I\000n\000d\000e\000x\000\040\000A\000c\000t\000u\000a\000l\000l\000y\000\040\000D\000o\000e\000s}{chapter.30}% 152
\BOOKMARK [1][]{section.30.2}{\376\377\000U\000n\000i\000q\000u\000e\000\040\000I\000n\000d\000e\000x\000e\000s}{chapter.30}% 153
\BOOKMARK [1][]{section.30.3}{\376\377\000C\000o\000m\000p\000o\000u\000n\000d\000\040\000I\000n\000d\000e\000x\000e\000s}{chapter.30}% 154
\BOOKMARK [1][]{section.30.4}{\376\377\000W\000h\000e\000n\000\040\000t\000o\000\040\000A\000d\000d\000\040\000a\000n\000\040\000I\000n\000d\000e\000x}{chapter.30}% 155
\BOOKMARK [0][]{chapter.31}{\376\377\000M\000o\000n\000g\000o\000D\000B\000\040\000A\000g\000g\000r\000e\000g\000a\000t\000i\000o\000n}{}% 156
\BOOKMARK [1][]{section.31.1}{\376\377\000T\000h\000e\000\040\000P\000i\000p\000e\000l\000i\000n\000e\000\040\000C\000o\000n\000c\000e\000p\000t}{chapter.31}% 157
\BOOKMARK [1][]{section.31.2}{\376\377\000D\000a\000s\000h\000b\000o\000a\000r\000d\000\040\000S\000t\000a\000t\000s\000\040\000E\000n\000d\000p\000o\000i\000n\000t}{chapter.31}% 158
\BOOKMARK [2][]{subsection.31.2.1}{\376\377\000E\000x\000a\000m\000p\000l\000e\000\040\000O\000u\000t\000p\000u\000t}{section.31.2}% 159
\BOOKMARK [1][]{section.31.3}{\376\377\000R\000o\000u\000t\000e\000\040\000W\000i\000r\000i\000n\000g}{chapter.31}% 160
\BOOKMARK [0][]{chapter.32}{\376\377\000F\000r\000o\000n\000t\000e\000n\000d\000\040\000A\000u\000t\000h\000\040\000S\000t\000a\000t\000e\000\040\000\050\000A\000u\000t\000h\000C\000o\000n\000t\000e\000x\000t\000\051}{}% 161
\BOOKMARK [1][]{section.32.1}{\376\377\000W\000h\000y\000\040\000a\000\040\000C\000o\000n\000t\000e\000x\000t\000\040\000I\000n\000s\000t\000e\000a\000d\000\040\000o\000f\000\040\000P\000r\000o\000p\000\040\000D\000r\000i\000l\000l\000i\000n\000g}{chapter.32}% 162
\BOOKMARK [1][]{section.32.2}{\376\377\000A\000u\000t\000h\000C\000o\000n\000t\000e\000x\000t\000\040\000I\000m\000p\000l\000e\000m\000e\000n\000t\000a\000t\000i\000o\000n}{chapter.32}% 163
\BOOKMARK [1][]{section.32.3}{\376\377\000W\000i\000r\000i\000n\000g\000\040\000t\000h\000e\000\040\000P\000r\000o\000v\000i\000d\000e\000r\000\040\000i\000n\000\040\000m\000a\000i\000n\000.\000j\000s\000x}{chapter.32}% 164
\BOOKMARK [1][]{section.32.4}{\376\377\000C\000o\000n\000s\000u\000m\000i\000n\000g\000\040\000t\000h\000e\000\040\000C\000o\000n\000t\000e\000x\000t\000:\000\040\000N\000a\000v\000b\000a\000r}{chapter.32}% 165
\BOOKMARK [0][]{chapter.33}{\376\377\000A\000P\000I\000\040\000L\000o\000a\000d\000i\000n\000g\000\040\000a\000n\000d\000\040\000E\000r\000r\000o\000r\000\040\000S\000t\000a\000t\000e\000s}{}% 166
\BOOKMARK [1][]{section.33.1}{\376\377\000T\000h\000e\000\040\000S\000t\000a\000t\000e\000\040\000C\000h\000a\000i\000n}{chapter.33}% 167
\BOOKMARK [1][]{section.33.2}{\376\377\000I\000m\000p\000l\000e\000m\000e\000n\000t\000i\000n\000g\000\040\000t\000h\000e\000\040\000P\000a\000t\000t\000e\000r\000n}{chapter.33}% 168
\BOOKMARK [1][]{section.33.3}{\376\377\000L\000o\000a\000d\000i\000n\000g\000\040\000S\000p\000i\000n\000n\000e\000r\000s}{chapter.33}% 169
\BOOKMARK [1][]{section.33.4}{\376\377\000S\000k\000e\000l\000e\000t\000o\000n\000\040\000S\000c\000r\000e\000e\000n\000s}{chapter.33}% 170
\BOOKMARK [1][]{section.33.5}{\376\377\000C\000h\000o\000o\000s\000i\000n\000g\000\040\000t\000h\000e\000\040\000R\000i\000g\000h\000t\000\040\000S\000t\000a\000t\000e\000\040\000t\000o\000\040\000S\000h\000o\000w}{chapter.33}% 171
\BOOKMARK [0][]{chapter.34}{\376\377\000F\000o\000r\000m\000s}{}% 172
\BOOKMARK [1][]{section.34.1}{\376\377\000C\000o\000n\000t\000r\000o\000l\000l\000e\000d\000\040\000I\000n\000p\000u\000t\000s\000\040\000a\000n\000d\000\040\000a\000\040\000S\000i\000n\000g\000l\000e\000\040\000F\000o\000r\000m\000\040\000S\000t\000a\000t\000e\000\040\000O\000b\000j\000e\000c\000t}{chapter.34}% 173
\BOOKMARK [1][]{section.34.2}{\376\377\000E\000x\000a\000m\000p\000l\000e\000\040\0001\000:\000\040\000L\000o\000g\000i\000n\000F\000o\000r\000m}{chapter.34}% 174
\BOOKMARK [1][]{section.34.3}{\376\377\000E\000x\000a\000m\000p\000l\000e\000\040\0002\000:\000\040\000R\000e\000g\000i\000s\000t\000e\000r\000F\000o\000r\000m\000\040\000w\000i\000t\000h\000\040\000C\000o\000n\000f\000i\000r\000m\000\040\000P\000a\000s\000s\000w\000o\000r\000d}{chapter.34}% 175
\BOOKMARK [1][]{section.34.4}{\376\377\000E\000x\000a\000m\000p\000l\000e\000\040\0003\000:\000\040\000T\000a\000s\000k\000F\000o\000r\000m\000\040\040\024\000\040\000C\000r\000e\000a\000t\000e\000/\000E\000d\000i\000t\000\040\000D\000u\000a\000l\000\040\000M\000o\000d\000e}{chapter.34}% 176
\BOOKMARK [1][]{section.34.5}{\376\377\000R\000e\000s\000e\000t\000t\000i\000n\000g\000\040\000F\000o\000r\000m\000s\000\040\000A\000f\000t\000e\000r\000\040\000S\000u\000c\000c\000e\000s\000s}{chapter.34}% 177
\BOOKMARK [0][]{chapter.35}{\376\377\000T\000a\000i\000l\000w\000i\000n\000d\000\040\000C\000S\000S\000\040\000f\000o\000r\000\040\000M\000E\000R\000N\000\040\000A\000p\000p\000s}{}% 178
\BOOKMARK [1][]{section.35.1}{\376\377\000R\000e\000s\000p\000o\000n\000s\000i\000v\000e\000\040\000P\000r\000e\000f\000i\000x\000e\000s}{chapter.35}% 179
\BOOKMARK [1][]{section.35.2}{\376\377\000F\000l\000e\000x\000,\000\040\000G\000r\000i\000d\000,\000\040\000a\000n\000d\000\040\000S\000p\000a\000c\000i\000n\000g}{chapter.35}% 180
\BOOKMARK [1][]{section.35.3}{\376\377\000S\000t\000y\000l\000i\000n\000g\000\040\000F\000o\000r\000m\000s}{chapter.35}% 181
\BOOKMARK [1][]{section.35.4}{\376\377\000B\000u\000t\000t\000o\000n\000s\000:\000\040\000P\000r\000i\000m\000a\000r\000y\000\040\000/\000\040\000S\000e\000c\000o\000n\000d\000a\000r\000y\000\040\000/\000\040\000D\000a\000n\000g\000e\000r}{chapter.35}% 182
\BOOKMARK [1][]{section.35.5}{\376\377\000C\000a\000r\000d\000s\000:\000\040\000T\000a\000s\000k\000C\000a\000r\000d}{chapter.35}% 183
\BOOKMARK [1][]{section.35.6}{\376\377\000M\000o\000d\000a\000l\000s}{chapter.35}% 184
\BOOKMARK [1][]{section.35.7}{\376\377\000N\000a\000v\000b\000a\000r\000\040\000w\000i\000t\000h\000\040\000R\000e\000s\000p\000o\000n\000s\000i\000v\000e\000\040\000M\000e\000n\000u}{chapter.35}% 185
\BOOKMARK [1][]{section.35.8}{\376\377\000S\000i\000d\000e\000b\000a\000r\000\040\000L\000a\000y\000o\000u\000t}{chapter.35}% 186
\BOOKMARK [0][]{chapter.36}{\376\377\000F\000r\000o\000n\000t\000e\000n\000d\000\040\000E\000r\000r\000o\000r\000\040\000B\000o\000u\000n\000d\000a\000r\000i\000e\000s}{}% 187
\BOOKMARK [1][]{section.36.1}{\376\377\000R\000e\000n\000d\000e\000r\000\040\000E\000r\000r\000o\000r\000s\000\040\000v\000s\000.\000\040\000A\000P\000I\000\040\000E\000r\000r\000o\000r\000s}{chapter.36}% 188
\BOOKMARK [1][]{section.36.2}{\376\377\000B\000u\000i\000l\000d\000i\000n\000g\000\040\000a\000n\000\040\000E\000r\000r\000o\000r\000B\000o\000u\000n\000d\000a\000r\000y}{chapter.36}% 189
\BOOKMARK [1][]{section.36.3}{\376\377\000W\000r\000a\000p\000p\000i\000n\000g\000\040\000t\000h\000e\000\040\000A\000p\000p}{chapter.36}% 190
\BOOKMARK [1][]{section.36.4}{\376\377\000E\000r\000r\000o\000r\000\040\000B\000o\000u\000n\000d\000a\000r\000i\000e\000s\000\040\000D\000o\000\040\000N\000o\000t\000\040\000R\000e\000p\000l\000a\000c\000e\000\040\000A\000P\000I\000\040\000E\000r\000r\000o\000r\000\040\000H\000a\000n\000d\000l\000i\000n\000g}{chapter.36}% 191
\BOOKMARK [0][]{chapter.37}{\376\377\000M\000E\000R\000N\000\040\000S\000e\000c\000u\000r\000i\000t\000y}{}% 192
\BOOKMARK [1][]{section.37.1}{\376\377\000C\000r\000o\000s\000s\000-\000S\000i\000t\000e\000\040\000S\000c\000r\000i\000p\000t\000i\000n\000g\000\040\000\050\000X\000S\000S\000\051}{chapter.37}% 193
\BOOKMARK [1][]{section.37.2}{\376\377\000C\000r\000o\000s\000s\000-\000S\000i\000t\000e\000\040\000R\000e\000q\000u\000e\000s\000t\000\040\000F\000o\000r\000g\000e\000r\000y\000\040\000\050\000C\000S\000R\000F\000\051}{chapter.37}% 194
\BOOKMARK [1][]{section.37.3}{\376\377\000N\000o\000S\000Q\000L\000\040\000I\000n\000j\000e\000c\000t\000i\000o\000n}{chapter.37}% 195
\BOOKMARK [1][]{section.37.4}{\376\377\000B\000r\000u\000t\000e\000\040\000F\000o\000r\000c\000e\000\040\000L\000o\000g\000i\000n\000\040\000A\000t\000t\000e\000m\000p\000t\000s}{chapter.37}% 196
\BOOKMARK [1][]{section.37.5}{\376\377\000C\000r\000e\000d\000e\000n\000t\000i\000a\000l\000\040\000T\000h\000e\000f\000t\000\040\000v\000i\000a\000\040\000X\000S\000S\000-\000A\000c\000c\000e\000s\000s\000i\000b\000l\000e\000\040\000T\000o\000k\000e\000n\000s}{chapter.37}% 197
\BOOKMARK [1][]{section.37.6}{\376\377\000I\000n\000s\000e\000c\000u\000r\000e\000\040\000C\000o\000o\000k\000i\000e\000s}{chapter.37}% 198
\BOOKMARK [1][]{section.37.7}{\376\377\000C\000o\000m\000m\000o\000n\000\040\000H\000T\000T\000P\000\040\000H\000e\000a\000d\000e\000r\000\040\000H\000a\000r\000d\000e\000n\000i\000n\000g}{chapter.37}% 199
\BOOKMARK [1][]{section.37.8}{\376\377\000E\000x\000p\000o\000s\000e\000d\000\040\000S\000e\000c\000r\000e\000t\000s}{chapter.37}% 200
\BOOKMARK [1][]{section.37.9}{\376\377\000M\000a\000l\000i\000c\000i\000o\000u\000s\000\040\000F\000i\000l\000e\000\040\000U\000p\000l\000o\000a\000d\000s}{chapter.37}% 201
\BOOKMARK [1][]{section.37.10}{\376\377\000I\000n\000p\000u\000t\000\040\000V\000a\000l\000i\000d\000a\000t\000i\000o\000n}{chapter.37}% 202
\BOOKMARK [1][]{section.37.11}{\376\377\000S\000u\000m\000m\000a\000r\000y\000\040\000T\000a\000b\000l\000e}{chapter.37}% 203
\BOOKMARK [0][]{chapter.38}{\376\377\000E\000n\000v\000i\000r\000o\000n\000m\000e\000n\000t\000\040\000V\000a\000r\000i\000a\000b\000l\000e\000s}{}% 204
\BOOKMARK [1][]{section.38.1}{\376\377\000W\000h\000y\000\040\000S\000e\000c\000r\000e\000t\000s\000\040\000L\000i\000v\000e\000\040\000O\000u\000t\000s\000i\000d\000e\000\040\000S\000o\000u\000r\000c\000e\000\040\000C\000o\000d\000e}{chapter.38}% 205
\BOOKMARK [1][]{section.38.2}{\376\377\000B\000a\000c\000k\000e\000n\000d\000:\000\040\000.\000e\000n\000v}{chapter.38}% 206
\BOOKMARK [1][]{section.38.3}{\376\377\000F\000r\000o\000n\000t\000e\000n\000d\000:\000\040\000.\000e\000n\000v\000\040\000w\000i\000t\000h\000\040\000V\000i\000t\000e}{chapter.38}% 207
\BOOKMARK [1][]{section.38.4}{\376\377\000B\000a\000c\000k\000e\000n\000d\000\040\000v\000s\000.\000\040\000F\000r\000o\000n\000t\000e\000n\000d\000:\000\040\000D\000i\000f\000f\000e\000r\000e\000n\000t\000\040\000R\000u\000l\000e\000s}{chapter.38}% 208
\BOOKMARK [1][]{section.38.5}{\376\377\000D\000e\000v\000e\000l\000o\000p\000m\000e\000n\000t\000\040\000v\000s\000.\000\040\000P\000r\000o\000d\000u\000c\000t\000i\000o\000n\000\040\000C\000o\000n\000f\000i\000g\000u\000r\000a\000t\000i\000o\000n}{chapter.38}% 209
\BOOKMARK [1][]{section.38.6}{\376\377\000A\000l\000w\000a\000y\000s\000\040\000G\000i\000t\000i\000g\000n\000o\000r\000e\000\040\000.\000e\000n\000v}{chapter.38}% 210
\BOOKMARK [0][]{chapter.39}{\376\377\000T\000e\000s\000t\000i\000n\000g\000\040\000A\000P\000I\000s\000\040\000w\000i\000t\000h\000\040\000P\000o\000s\000t\000m\000a\000n}{}% 211
\BOOKMARK [1][]{section.39.1}{\376\377\000R\000e\000g\000i\000s\000t\000e\000r}{chapter.39}% 212
\BOOKMARK [1][]{section.39.2}{\376\377\000L\000o\000g\000i\000n}{chapter.39}% 213
\BOOKMARK [1][]{section.39.3}{\376\377\000G\000e\000t\000\040\000P\000r\000o\000f\000i\000l\000e\000\040\000\050\000/\000m\000e\000\051}{chapter.39}% 214
\BOOKMARK [1][]{section.39.4}{\376\377\000C\000r\000e\000a\000t\000e\000\040\000T\000a\000s\000k}{chapter.39}% 215
\BOOKMARK [1][]{section.39.5}{\376\377\000G\000e\000t\000\040\000T\000a\000s\000k\000s}{chapter.39}% 216
\BOOKMARK [1][]{section.39.6}{\376\377\000U\000p\000d\000a\000t\000e\000\040\000T\000a\000s\000k}{chapter.39}% 217
\BOOKMARK [1][]{section.39.7}{\376\377\000D\000e\000l\000e\000t\000e\000\040\000T\000a\000s\000k}{chapter.39}% 218
\BOOKMARK [1][]{section.39.8}{\376\377\000W\000h\000a\000t\000\040\000t\000o\000\040\000C\000h\000e\000c\000k\000\040\000o\000n\000\040\000E\000v\000e\000r\000y\000\040\000R\000e\000q\000u\000e\000s\000t}{chapter.39}% 219
\BOOKMARK [0][]{chapter.40}{\376\377\000D\000e\000b\000u\000g\000g\000i\000n\000g\000\040\000M\000E\000R\000N\000\040\000A\000p\000p\000l\000i\000c\000a\000t\000i\000o\000n\000s}{}% 220
\BOOKMARK [1][]{section.40.1}{\376\377\000T\000h\000e\000\040\000C\000o\000r\000e\000\040\000P\000r\000i\000n\000c\000i\000p\000l\000e}{chapter.40}% 221
\BOOKMARK [1][]{section.40.2}{\376\377\000T\000h\000e\000\040\000D\000e\000b\000u\000g\000g\000i\000n\000g\000\040\000C\000h\000e\000c\000k\000l\000i\000s\000t}{chapter.40}% 222
\BOOKMARK [1][]{section.40.3}{\376\377\000W\000o\000r\000k\000e\000d\000\040\000E\000x\000a\000m\000p\000l\000e\000:\000\040\000"\000T\000a\000s\000k\000\040\000C\000r\000e\000a\000t\000i\000o\000n\000\040\000S\000i\000l\000e\000n\000t\000l\000y\000\040\000F\000a\000i\000l\000s\000"}{chapter.40}% 223
\BOOKMARK [0][]{chapter.41}{\376\377\000C\000o\000m\000m\000o\000n\000\040\000F\000r\000o\000n\000t\000e\000n\000d\000\040\000E\000r\000r\000o\000r\000s}{}% 224
\BOOKMARK [0][]{chapter.42}{\376\377\000C\000o\000m\000m\000o\000n\000\040\000B\000a\000c\000k\000e\000n\000d\000\040\000E\000r\000r\000o\000r\000s}{}% 225
\BOOKMARK [0][]{chapter.43}{\376\377\000A\000u\000t\000h\000e\000n\000t\000i\000c\000a\000t\000i\000o\000n\000\040\000E\000r\000r\000o\000r\000s}{}% 226
\BOOKMARK [0][]{chapter.44}{\376\377\000D\000e\000p\000l\000o\000y\000m\000e\000n\000t}{}% 227
\BOOKMARK [1][]{section.44.1}{\376\377\000P\000r\000o\000d\000u\000c\000t\000i\000o\000n\000\040\000A\000r\000c\000h\000i\000t\000e\000c\000t\000u\000r\000e}{chapter.44}% 228
\BOOKMARK [1][]{section.44.2}{\376\377\000F\000r\000o\000n\000t\000e\000n\000d\000:\000\040\000B\000u\000i\000l\000d\000\040\000f\000o\000r\000\040\000P\000r\000o\000d\000u\000c\000t\000i\000o\000n}{chapter.44}% 229
\BOOKMARK [1][]{section.44.3}{\376\377\000B\000a\000c\000k\000e\000n\000d\000:\000\040\000S\000t\000a\000r\000t\000\040\000C\000o\000m\000m\000a\000n\000d}{chapter.44}% 230
\BOOKMARK [1][]{section.44.4}{\376\377\000E\000n\000v\000i\000r\000o\000n\000m\000e\000n\000t\000\040\000V\000a\000r\000i\000a\000b\000l\000e\000s}{chapter.44}% 231
\BOOKMARK [1][]{section.44.5}{\376\377\000U\000p\000d\000a\000t\000i\000n\000g\000\040\000C\000O\000R\000S\000\040\000f\000o\000r\000\040\000P\000r\000o\000d\000u\000c\000t\000i\000o\000n}{chapter.44}% 232
\BOOKMARK [1][]{section.44.6}{\376\377\000M\000o\000n\000g\000o\000D\000B\000\040\000A\000t\000l\000a\000s\000\040\000N\000e\000t\000w\000o\000r\000k\000\040\000A\000c\000c\000e\000s\000s}{chapter.44}% 233
\BOOKMARK [1][]{section.44.7}{\376\377\000H\000T\000T\000P\000S\000\040\000a\000n\000d\000\040\000C\000u\000s\000t\000o\000m\000\040\000D\000o\000m\000a\000i\000n\000s}{chapter.44}% 234
\BOOKMARK [1][]{section.44.8}{\376\377\000D\000e\000b\000u\000g\000g\000i\000n\000g\000\040\000i\000n\000\040\000P\000r\000o\000d\000u\000c\000t\000i\000o\000n}{chapter.44}% 235
\BOOKMARK [0][]{chapter.45}{\376\377\000P\000r\000o\000d\000u\000c\000t\000i\000o\000n\000\040\000C\000h\000e\000c\000k\000l\000i\000s\000t}{}% 236
\BOOKMARK [1][]{section.45.1}{\376\377\000B\000a\000c\000k\000e\000n\000d}{chapter.45}% 237
\BOOKMARK [1][]{section.45.2}{\376\377\000F\000r\000o\000n\000t\000e\000n\000d}{chapter.45}% 238
\BOOKMARK [1][]{section.45.3}{\376\377\000D\000a\000t\000a\000b\000a\000s\000e}{chapter.45}% 239
\BOOKMARK [1][]{section.45.4}{\376\377\000S\000e\000c\000u\000r\000i\000t\000y}{chapter.45}% 240
\BOOKMARK [0][]{chapter.46}{\376\377\000C\000o\000m\000p\000l\000e\000t\000e\000\040\000R\000e\000a\000l\000-\000W\000o\000r\000l\000d\000\040\000P\000r\000o\000j\000e\000c\000t\000:\000\040\000T\000a\000s\000k\000\040\000M\000a\000n\000a\000g\000e\000m\000e\000n\000t\000\040\000S\000y\000s\000t\000e\000m}{}% 241
\BOOKMARK [1][]{section.46.1}{\376\377\000F\000e\000a\000t\000u\000r\000e\000s}{chapter.46}% 242
\BOOKMARK [1][]{section.46.2}{\376\377\000T\000e\000c\000h\000n\000i\000c\000a\000l\000\040\000S\000t\000a\000c\000k}{chapter.46}% 243
\BOOKMARK [1][]{section.46.3}{\376\377\000C\000o\000m\000p\000l\000e\000t\000e\000\040\000P\000r\000o\000j\000e\000c\000t\000\040\000S\000t\000r\000u\000c\000t\000u\000r\000e}{chapter.46}% 244
\BOOKMARK [1][]{section.46.4}{\376\377\000P\000u\000r\000p\000o\000s\000e\000\040\000o\000f\000\040\000E\000a\000c\000h\000\040\000P\000i\000e\000c\000e}{chapter.46}% 245
\BOOKMARK [0][]{chapter.47}{\376\377\000E\000n\000d\000-\000t\000o\000-\000E\000n\000d\000\040\000I\000m\000p\000l\000e\000m\000e\000n\000t\000a\000t\000i\000o\000n\000\040\000O\000r\000d\000e\000r}{}% 246
\BOOKMARK [0][]{chapter.48}{\376\377\000K\000e\000y\000\040\000A\000r\000c\000h\000i\000t\000e\000c\000t\000u\000r\000e\000\040\000D\000i\000a\000g\000r\000a\000m\000s}{}% 247
\BOOKMARK [0][]{chapter.49}{\376\377\000M\000E\000R\000N\000\040\000Q\000u\000i\000c\000k\000\040\000R\000e\000f\000e\000r\000e\000n\000c\000e}{}% 248
\BOOKMARK [1][]{section.49.1}{\376\377\000E\000x\000p\000r\000e\000s\000s}{chapter.49}% 249
\BOOKMARK [1][]{section.49.2}{\376\377\000M\000o\000n\000g\000o\000o\000s\000e}{chapter.49}% 250
\BOOKMARK [1][]{section.49.3}{\376\377\000R\000e\000a\000c\000t}{chapter.49}% 251
\BOOKMARK [1][]{section.49.4}{\376\377\000A\000x\000i\000o\000s}{chapter.49}% 252
\BOOKMARK [1][]{section.49.5}{\376\377\000A\000u\000t\000h\000e\000n\000t\000i\000c\000a\000t\000i\000o\000n}{chapter.49}% 253
\BOOKMARK [0][]{chapter*.2}{\376\377\000F\000i\000n\000a\000l\000\040\000R\000e\000v\000i\000s\000i\000o\000n\000:\000\040\000M\000E\000R\000N\000\040\000P\000r\000o\000j\000e\000c\000t\000-\000B\000u\000i\000l\000d\000i\000n\000g\000\040\000C\000h\000e\000a\000t\000\040\000S\000h\000e\000e\000t}{}% 254
