This is XeTeX, Version 3.141592653-2.6-0.999998 (MiKTeX 26.5) (preloaded format=xelatex 2026.8.11)  11 AUG 2026 10:14
entering extended mode
 restricted \write18 enabled.
 %&-line parsing enabled.
**./main.tex
(main.tex
LaTeX2e <2026-06-01>
L3 programming layer <2026-05-26>
(C:\Users\sayan\AppData\Local\Programs\MiKTeX\tex/latex/base\book.cls
Document Class: book 2025/01/22 v1.4n Standard LaTeX document class
(C:\Users\sayan\AppData\Local\Programs\MiKTeX\tex/latex/base\bk11.clo
File: bk11.clo 2025/01/22 v1.4n Standard LaTeX file (size option)
)
\c@part=\count273
\c@chapter=\count274
\c@section=\count275
\c@subsection=\count276
\c@subsubsection=\count277
\c@paragraph=\count278
\c@subparagraph=\count279
\c@figure=\count280
\c@table=\count281
\abovecaptionskip=\skip49
\belowcaptionskip=\skip50
\bibindent=\dimen150
)
(C:\Users\sayan\AppData\Local\Programs\MiKTeX\tex/latex/geometry\geometry.sty
Package: geometry 2026/03/07 v6.0 Page Geometry

(C:\Users\sayan\AppData\Local\Programs\MiKTeX\tex/latex/graphics\keyval.sty
Package: keyval 2026-05-17 v1.15 key=value parser (DPC)
\KV@toks@=\toks17
)
(C:\Users\sayan\AppData\Local\Programs\MiKTeX\tex/generic/iftex\ifvtex.sty
Package: ifvtex 2019/10/25 v1.7 ifvtex legacy package. Use iftex instead.

(C:\Users\sayan\AppData\Local\Programs\MiKTeX\tex/generic/iftex\iftex.sty
Package: iftex 2024/12/12 v1.0g TeX engine tests
))
\Gm@cnth=\count282
\Gm@cntv=\count283
\c@Gm@tempcnt=\count284
\Gm@bindingoffset=\dimen151
\Gm@wd@mp=\dimen152
\Gm@odd@mp=\dimen153
\Gm@even@mp=\dimen154
\Gm@layoutwidth=\dimen155
\Gm@layoutheight=\dimen156
\Gm@layouthoffset=\dimen157
\Gm@layoutvoffset=\dimen158
\Gm@dimlist=\toks18

(C:\Users\sayan\AppData\Local\Programs\MiKTeX\tex/latex/geometry\geometry.cfg))
(C:\Users\sayan\AppData\Local\Programs\MiKTeX\tex/latex/fontspec\fontspec.sty
(C:\Users\sayan\AppData\Local\Programs\MiKTeX\tex/latex/l3packages/xparse\xpars
e.sty
(C:\Users\sayan\AppData\Local\Programs\MiKTeX\tex/latex/l3kernel\expl3.sty
Package: expl3 2026-05-26 L3 programming layer (loader) 

(C:\Users\sayan\AppData\Local\Programs\MiKTeX\tex/latex/l3backend\l3backend-xet
ex.def
File: l3backend-xetex.def 2026-02-18 L3 backend support: XeTeX
\g__graphics_track_int=\count285
\g__pdfannot_backend_int=\count286
\g__pdfannot_backend_link_int=\count287
))
Package: xparse 2025-10-09 L3 Experimental document command parser
)
Package: fontspec 2025/09/29 v2.9g Font selection for XeLaTeX and LuaLaTeX

(C:\Users\sayan\AppData\Local\Programs\MiKTeX\tex/latex/fontspec\fontspec-xetex
.sty
Package: fontspec-xetex 2025/09/29 v2.9g Font selection for XeLaTeX and LuaLaTe
X
\l__fontspec_script_int=\count288
\l__fontspec_language_int=\count289
\l__fontspec_strnum_int=\count290
\l__fontspec_tmp_int=\count291
\l__fontspec_tmpa_int=\count292
\l__fontspec_tmpb_int=\count293
\l__fontspec_tmpc_int=\count294
\l__fontspec_em_int=\count295
\l__fontspec_emdef_int=\count296
\l__fontspec_strong_int=\count297
\l__fontspec_strongdef_int=\count298
\l__fontspec_tmpa_dim=\dimen159
\l__fontspec_tmpb_dim=\dimen160
\l__fontspec_tmpc_dim=\dimen161
 (C:\Users\sayan\AppData\Local\Programs\MiKTeX\tex/latex/base\fontenc.sty
Package: fontenc 2025/07/18 v2.1d Standard LaTeX package
)
(C:\Users\sayan\AppData\Local\Programs\MiKTeX\tex/latex/fontspec\fontspec.cfg))
)

Package fontspec Info: 
(fontspec)             Font family 'Georgia(0)' created for font 'Georgia'
(fontspec)             with options [Ligatures=TeX].
(fontspec)              
(fontspec)              This font family consists of the following NFSS
(fontspec)             series/shapes:
(fontspec)              
(fontspec)             - 'normal' (m/n) with NFSS spec.:
(fontspec)             <->"Georgia/OT:script=latn;language=dflt;mapping=tex-tex
t;"
(fontspec)             - 'small caps'  (m/sc) with NFSS spec.:
(fontspec)             <->"Georgia/OT:script=latn;language=dflt;+smcp;mapping=t
ex-text;"
(fontspec)             - 'bold' (b/n) with NFSS spec.:
(fontspec)             <->"Georgia/B/OT:script=latn;language=dflt;mapping=tex-t
ext;"
(fontspec)             - 'bold small caps'  (b/sc) with NFSS spec.:
(fontspec)             <->"Georgia/B/OT:script=latn;language=dflt;+smcp;mapping
=tex-text;"
(fontspec)             - 'italic' (m/it) with NFSS spec.:
(fontspec)             <->"Georgia/I/OT:script=latn;language=dflt;mapping=tex-t
ext;"
(fontspec)             - 'italic small caps'  (m/scit) with NFSS spec.:
(fontspec)             <->"Georgia/I/OT:script=latn;language=dflt;+smcp;mapping
=tex-text;"
(fontspec)             - 'bold italic' (b/it) with NFSS spec.:
(fontspec)             <->"Georgia/BI/OT:script=latn;language=dflt;mapping=tex-
text;"
(fontspec)             - 'bold italic small caps'  (b/scit) with NFSS spec.:
(fontspec)             <->"Georgia/BI/OT:script=latn;language=dflt;+smcp;mappin
g=tex-text;"


Package fontspec Info: 
(fontspec)             Font family 'Calibri(0)' created for font 'Calibri'
(fontspec)             with options [].
(fontspec)              
(fontspec)              This font family consists of the following NFSS
(fontspec)             series/shapes:
(fontspec)              
(fontspec)             - 'normal' (m/n) with NFSS spec.:
(fontspec)             <->"Calibri/OT:script=latn;language=dflt;"
(fontspec)             - 'small caps'  (m/sc) with NFSS spec.:
(fontspec)             <->"Calibri/OT:script=latn;language=dflt;+smcp;"
(fontspec)             - 'bold' (b/n) with NFSS spec.:
(fontspec)             <->"Calibri/B/OT:script=latn;language=dflt;"
(fontspec)             - 'bold small caps'  (b/sc) with NFSS spec.:
(fontspec)             <->"Calibri/B/OT:script=latn;language=dflt;+smcp;"
(fontspec)             - 'italic' (m/it) with NFSS spec.:
(fontspec)             <->"Calibri/I/OT:script=latn;language=dflt;"
(fontspec)             - 'italic small caps'  (m/scit) with NFSS spec.:
(fontspec)             <->"Calibri/I/OT:script=latn;language=dflt;+smcp;"
(fontspec)             - 'bold italic' (b/it) with NFSS spec.:
(fontspec)             <->"Calibri/BI/OT:script=latn;language=dflt;"
(fontspec)             - 'bold italic small caps'  (b/scit) with NFSS spec.:
(fontspec)             <->"Calibri/BI/OT:script=latn;language=dflt;+smcp;"


Package fontspec Info: 
(fontspec)             Font family 'Consolas(0)' created for font 'Consolas'
(fontspec)             with options [].
(fontspec)              
(fontspec)              This font family consists of the following NFSS
(fontspec)             series/shapes:
(fontspec)              
(fontspec)             - 'normal' (m/n) with NFSS spec.:
(fontspec)             <->"Consolas/OT:script=latn;language=dflt;"
(fontspec)             - 'bold' (b/n) with NFSS spec.:
(fontspec)             <->"Consolas/B/OT:script=latn;language=dflt;"
(fontspec)             - 'italic' (m/it) with NFSS spec.:
(fontspec)             <->"Consolas/I/OT:script=latn;language=dflt;"
(fontspec)             - 'bold italic' (b/it) with NFSS spec.:
(fontspec)             <->"Consolas/BI/OT:script=latn;language=dflt;"

 (C:\Users\sayan\AppData\Local\Programs\MiKTeX\tex/latex/xcolor\xcolor.sty
Package: xcolor 2024/09/29 v3.02 LaTeX color extensions (UK)

(C:\Users\sayan\AppData\Local\Programs\MiKTeX\tex/latex/graphics-cfg\color.cfg
File: color.cfg 2016/01/02 v1.6 sample color configuration
)
Package xcolor Info: Driver file: xetex.def on input line 274.
(C:\Users\sayan\AppData\Local\Programs\MiKTeX\tex/latex/graphics-def\xetex.def
File: xetex.def 2025/11/01 v5.0p Graphics/color driver for xetex
) (C:\Users\sayan\AppData\Local\Programs\MiKTeX\tex/latex/graphics\mathcolor.lt
x)
Package xcolor Info: Model `cmy' substituted by `cmy0' on input line 1349.
Package xcolor Info: Model `RGB' extended on input line 1365.
Package xcolor Info: Model `HTML' substituted by `rgb' on input line 1367.
Package xcolor Info: Model `Hsb' substituted by `hsb' on input line 1368.
Package xcolor Info: Model `tHsb' substituted by `hsb' on input line 1369.
Package xcolor Info: Model `HSB' substituted by `hsb' on input line 1370.
Package xcolor Info: Model `Gray' substituted by `gray' on input line 1371.
Package xcolor Info: Model `wave' substituted by `hsb' on input line 1372.
)
(C:\Users\sayan\AppData\Local\Programs\MiKTeX\tex/latex/titlesec\titlesec.sty
Package: titlesec 2025/01/04 v2.17 Sectioning titles
\ttl@box=\box53
\beforetitleunit=\skip51
\aftertitleunit=\skip52
\ttl@plus=\dimen162
\ttl@minus=\dimen163
\ttl@toksa=\toks19
\titlewidth=\dimen164
\titlewidthlast=\dimen165
\titlewidthfirst=\dimen166
)
(C:\Users\sayan\AppData\Local\Programs\MiKTeX\tex/latex/fancyhdr\fancyhdr.sty
Package: fancyhdr 2025/02/07 v5.2 Extensive control of page headers and footers

\f@nch@headwidth=\skip53
\f@nch@offset@elh=\skip54
\f@nch@offset@erh=\skip55
\f@nch@offset@olh=\skip56
\f@nch@offset@orh=\skip57
\f@nch@offset@elf=\skip58
\f@nch@offset@erf=\skip59
\f@nch@offset@olf=\skip60
\f@nch@offset@orf=\skip61
\f@nch@height=\skip62
\f@nch@footalignment=\skip63
\f@nch@widthL=\skip64
\f@nch@widthC=\skip65
\f@nch@widthR=\skip66
\@temptokenb=\toks20
)
(C:\Users\sayan\AppData\Local\Programs\MiKTeX\tex/latex/listings\listings.sty
\lst@mode=\count299
\lst@gtempboxa=\box54
\lst@token=\toks21
\lst@length=\count300
\lst@currlwidth=\dimen167
\lst@column=\count301
\lst@pos=\count302
\lst@lostspace=\dimen168
\lst@width=\dimen169
\lst@newlines=\count303
\lst@lineno=\count304
\lst@maxwidth=\dimen170

(C:\Users\sayan\AppData\Local\Programs\MiKTeX\tex/latex/listings\lstpatch.sty
File: lstpatch.sty 2025/11/14 1.11b (Carsten Heinz)
)
(C:\Users\sayan\AppData\Local\Programs\MiKTeX\tex/latex/listings\lstmisc.sty
File: lstmisc.sty 2025/11/14 1.11b (Carsten Heinz)
\c@lstnumber=\count305
\lst@skipnumbers=\count306
\lst@framebox=\box55
)
(C:\Users\sayan\AppData\Local\Programs\MiKTeX\tex/latex/listings\listings.cfg
File: listings.cfg 2025/11/14 1.11b listings configuration
))
Package: listings 2025/11/14 1.11b (Carsten Heinz)

(C:\Users\sayan\AppData\Local\Programs\MiKTeX\tex/latex/tcolorbox\tcolorbox.sty
Package: tcolorbox 2026/05/28 version 6.10.0 text color boxes

(C:\Users\sayan\AppData\Local\Programs\MiKTeX\tex/latex/pgf/frontendlayer\tikz.
sty
(C:\Users\sayan\AppData\Local\Programs\MiKTeX\tex/latex/pgf/basiclayer\pgf.sty
(C:\Users\sayan\AppData\Local\Programs\MiKTeX\tex/latex/pgf/utilities\pgfrcs.st
y
(C:\Users\sayan\AppData\Local\Programs\MiKTeX\tex/generic/pgf/utilities\pgfutil
-common.tex
\pgfutil@everybye=\toks22
\pgfutil@tempdima=\dimen171
\pgfutil@tempdimb=\dimen172
)
(C:\Users\sayan\AppData\Local\Programs\MiKTeX\tex/generic/pgf/utilities\pgfutil
-latex.def
\pgfutil@abb=\box56
)
(C:\Users\sayan\AppData\Local\Programs\MiKTeX\tex/generic/pgf/utilities\pgfrcs.
code.tex
(C:\Users\sayan\AppData\Local\Programs\MiKTeX\tex/generic/pgf\pgf.revision.tex)
Package: pgfrcs 2025-08-29 v3.1.11a (3.1.11a)
))
Package: pgf 2025-08-29 v3.1.11a (3.1.11a)

(C:\Users\sayan\AppData\Local\Programs\MiKTeX\tex/latex/pgf/basiclayer\pgfcore.
sty
(C:\Users\sayan\AppData\Local\Programs\MiKTeX\tex/latex/graphics\graphicx.sty
Package: graphicx 2026-05-17 v1.2e Enhanced LaTeX Graphics (DPC,SPQR)

(C:\Users\sayan\AppData\Local\Programs\MiKTeX\tex/latex/graphics\graphics.sty
Package: graphics 2026-05-17 v1.4h Standard LaTeX Graphics (DPC,SPQR)

(C:\Users\sayan\AppData\Local\Programs\MiKTeX\tex/latex/graphics\trig.sty
Package: trig 2023/12/02 v1.11 sin cos tan (DPC)
)
(C:\Users\sayan\AppData\Local\Programs\MiKTeX\tex/latex/graphics-cfg\graphics.c
fg
File: graphics.cfg 2016/06/04 v1.11 sample graphics configuration
)
Package graphics Info: Driver file: xetex.def on input line 106.
)
\Gin@req@height=\dimen173
\Gin@req@width=\dimen174
)
(C:\Users\sayan\AppData\Local\Programs\MiKTeX\tex/latex/pgf/systemlayer\pgfsys.
sty
(C:\Users\sayan\AppData\Local\Programs\MiKTeX\tex/generic/pgf/systemlayer\pgfsy
s.code.tex
Package: pgfsys 2025-08-29 v3.1.11a (3.1.11a)

(C:\Users\sayan\AppData\Local\Programs\MiKTeX\tex/generic/pgf/utilities\pgfkeys
.code.tex
\pgfkeys@pathtoks=\toks23
\pgfkeys@temptoks=\toks24

(C:\Users\sayan\AppData\Local\Programs\MiKTeX\tex/generic/pgf/utilities\pgfkeys
libraryfiltered.code.tex
\pgfkeys@tmptoks=\toks25
))
\pgf@x=\dimen175
\pgf@y=\dimen176
\pgf@xa=\dimen177
\pgf@ya=\dimen178
\pgf@xb=\dimen179
\pgf@yb=\dimen180
\pgf@xc=\dimen181
\pgf@yc=\dimen182
\pgf@xd=\dimen183
\pgf@yd=\dimen184
\w@pgf@writea=\write3
\r@pgf@reada=\read2
\c@pgf@counta=\count307
\c@pgf@countb=\count308
\c@pgf@countc=\count309
\c@pgf@countd=\count310
\t@pgf@toka=\toks26
\t@pgf@tokb=\toks27
\t@pgf@tokc=\toks28
\pgf@sys@id@count=\count311

(C:\Users\sayan\AppData\Local\Programs\MiKTeX\tex/generic/pgf/systemlayer\pgf.c
fg
File: pgf.cfg 2025-08-29 v3.1.11a (3.1.11a)
)
Driver file for pgf: pgfsys-xetex.def

(C:\Users\sayan\AppData\Local\Programs\MiKTeX\tex/generic/pgf/systemlayer\pgfsy
s-xetex.def
File: pgfsys-xetex.def 2025-08-29 v3.1.11a (3.1.11a)

(C:\Users\sayan\AppData\Local\Programs\MiKTeX\tex/generic/pgf/systemlayer\pgfsy
s-dvipdfmx.def
File: pgfsys-dvipdfmx.def 2025-08-29 v3.1.11a (3.1.11a)

(C:\Users\sayan\AppData\Local\Programs\MiKTeX\tex/generic/pgf/systemlayer\pgfsy
s-common-pdf.def
File: pgfsys-common-pdf.def 2025-08-29 v3.1.11a (3.1.11a)
)
\pgfsys@objnum=\count312
)))
(C:\Users\sayan\AppData\Local\Programs\MiKTeX\tex/generic/pgf/systemlayer\pgfsy
ssoftpath.code.tex
File: pgfsyssoftpath.code.tex 2025-08-29 v3.1.11a (3.1.11a)
\pgfsyssoftpath@smallbuffer@items=\count313
\pgfsyssoftpath@bigbuffer@items=\count314
)
(C:\Users\sayan\AppData\Local\Programs\MiKTeX\tex/generic/pgf/systemlayer\pgfsy
sprotocol.code.tex
File: pgfsysprotocol.code.tex 2025-08-29 v3.1.11a (3.1.11a)
))
(C:\Users\sayan\AppData\Local\Programs\MiKTeX\tex/generic/pgf/basiclayer\pgfcor
e.code.tex
Package: pgfcore 2025-08-29 v3.1.11a (3.1.11a)

(C:\Users\sayan\AppData\Local\Programs\MiKTeX\tex/generic/pgf/math\pgfmath.code
.tex
(C:\Users\sayan\AppData\Local\Programs\MiKTeX\tex/generic/pgf/math\pgfmathutil.
code.tex)
(C:\Users\sayan\AppData\Local\Programs\MiKTeX\tex/generic/pgf/math\pgfmathparse
r.code.tex
\pgfmath@dimen=\dimen185
\pgfmath@count=\count315
\pgfmath@box=\box57
\pgfmath@toks=\toks29
\pgfmath@stack@operand=\toks30
\pgfmath@stack@operation=\toks31
)
(C:\Users\sayan\AppData\Local\Programs\MiKTeX\tex/generic/pgf/math\pgfmathfunct
ions.code.tex)
(C:\Users\sayan\AppData\Local\Programs\MiKTeX\tex/generic/pgf/math\pgfmathfunct
ions.basic.code.tex)
(C:\Users\sayan\AppData\Local\Programs\MiKTeX\tex/generic/pgf/math\pgfmathfunct
ions.trigonometric.code.tex)
(C:\Users\sayan\AppData\Local\Programs\MiKTeX\tex/generic/pgf/math\pgfmathfunct
ions.random.code.tex)
(C:\Users\sayan\AppData\Local\Programs\MiKTeX\tex/generic/pgf/math\pgfmathfunct
ions.comparison.code.tex)
(C:\Users\sayan\AppData\Local\Programs\MiKTeX\tex/generic/pgf/math\pgfmathfunct
ions.base.code.tex)
(C:\Users\sayan\AppData\Local\Programs\MiKTeX\tex/generic/pgf/math\pgfmathfunct
ions.round.code.tex)
(C:\Users\sayan\AppData\Local\Programs\MiKTeX\tex/generic/pgf/math\pgfmathfunct
ions.misc.code.tex)
(C:\Users\sayan\AppData\Local\Programs\MiKTeX\tex/generic/pgf/math\pgfmathfunct
ions.integerarithmetics.code.tex)
(C:\Users\sayan\AppData\Local\Programs\MiKTeX\tex/generic/pgf/math\pgfmathcalc.
code.tex)
(C:\Users\sayan\AppData\Local\Programs\MiKTeX\tex/generic/pgf/math\pgfmathfloat
.code.tex
\c@pgfmathroundto@lastzeros=\count316
))
(C:\Users\sayan\AppData\Local\Programs\MiKTeX\tex/generic/pgf/math\pgfint.code.
tex)
(C:\Users\sayan\AppData\Local\Programs\MiKTeX\tex/generic/pgf/basiclayer\pgfcor
epoints.code.tex
File: pgfcorepoints.code.tex 2025-08-29 v3.1.11a (3.1.11a)
\pgf@picminx=\dimen186
\pgf@picmaxx=\dimen187
\pgf@picminy=\dimen188
\pgf@picmaxy=\dimen189
\pgf@pathminx=\dimen190
\pgf@pathmaxx=\dimen191
\pgf@pathminy=\dimen192
\pgf@pathmaxy=\dimen193
\pgf@xx=\dimen194
\pgf@xy=\dimen195
\pgf@yx=\dimen196
\pgf@yy=\dimen197
\pgf@zx=\dimen198
\pgf@zy=\dimen199
)
(C:\Users\sayan\AppData\Local\Programs\MiKTeX\tex/generic/pgf/basiclayer\pgfcor
epathconstruct.code.tex
File: pgfcorepathconstruct.code.tex 2025-08-29 v3.1.11a (3.1.11a)
\pgf@path@lastx=\dimen256
\pgf@path@lasty=\dimen257
)
(C:\Users\sayan\AppData\Local\Programs\MiKTeX\tex/generic/pgf/basiclayer\pgfcor
epathusage.code.tex
File: pgfcorepathusage.code.tex 2025-08-29 v3.1.11a (3.1.11a)
\pgf@shorten@end@additional=\dimen258
\pgf@shorten@start@additional=\dimen259
)
(C:\Users\sayan\AppData\Local\Programs\MiKTeX\tex/generic/pgf/basiclayer\pgfcor
escopes.code.tex
File: pgfcorescopes.code.tex 2025-08-29 v3.1.11a (3.1.11a)
\pgfpic=\box58
\pgf@hbox=\box59
\pgf@layerbox@main=\box60
\pgf@picture@serial@count=\count317
)
(C:\Users\sayan\AppData\Local\Programs\MiKTeX\tex/generic/pgf/basiclayer\pgfcor
egraphicstate.code.tex
File: pgfcoregraphicstate.code.tex 2025-08-29 v3.1.11a (3.1.11a)
\pgflinewidth=\dimen260
)
(C:\Users\sayan\AppData\Local\Programs\MiKTeX\tex/generic/pgf/basiclayer\pgfcor
etransformations.code.tex
File: pgfcoretransformations.code.tex 2025-08-29 v3.1.11a (3.1.11a)
\pgf@pt@x=\dimen261
\pgf@pt@y=\dimen262
\pgf@pt@temp=\dimen263
)
(C:\Users\sayan\AppData\Local\Programs\MiKTeX\tex/generic/pgf/basiclayer\pgfcor
equick.code.tex
File: pgfcorequick.code.tex 2025-08-29 v3.1.11a (3.1.11a)
)
(C:\Users\sayan\AppData\Local\Programs\MiKTeX\tex/generic/pgf/basiclayer\pgfcor
eobjects.code.tex
File: pgfcoreobjects.code.tex 2025-08-29 v3.1.11a (3.1.11a)
)
(C:\Users\sayan\AppData\Local\Programs\MiKTeX\tex/generic/pgf/basiclayer\pgfcor
epathprocessing.code.tex
File: pgfcorepathprocessing.code.tex 2025-08-29 v3.1.11a (3.1.11a)
)
(C:\Users\sayan\AppData\Local\Programs\MiKTeX\tex/generic/pgf/basiclayer\pgfcor
earrows.code.tex
File: pgfcorearrows.code.tex 2025-08-29 v3.1.11a (3.1.11a)
\pgfarrowsep=\dimen264
)
(C:\Users\sayan\AppData\Local\Programs\MiKTeX\tex/generic/pgf/basiclayer\pgfcor
eshade.code.tex
File: pgfcoreshade.code.tex 2025-08-29 v3.1.11a (3.1.11a)
\pgf@max=\dimen265
\pgf@sys@shading@range@num=\count318
\pgf@shadingcount=\count319
)
(C:\Users\sayan\AppData\Local\Programs\MiKTeX\tex/generic/pgf/basiclayer\pgfcor
eimage.code.tex
File: pgfcoreimage.code.tex 2025-08-29 v3.1.11a (3.1.11a)
)
(C:\Users\sayan\AppData\Local\Programs\MiKTeX\tex/generic/pgf/basiclayer\pgfcor
eexternal.code.tex
File: pgfcoreexternal.code.tex 2025-08-29 v3.1.11a (3.1.11a)
\pgfexternal@startupbox=\box61
)
(C:\Users\sayan\AppData\Local\Programs\MiKTeX\tex/generic/pgf/basiclayer\pgfcor
elayers.code.tex
File: pgfcorelayers.code.tex 2025-08-29 v3.1.11a (3.1.11a)
)
(C:\Users\sayan\AppData\Local\Programs\MiKTeX\tex/generic/pgf/basiclayer\pgfcor
etransparency.code.tex
File: pgfcoretransparency.code.tex 2025-08-29 v3.1.11a (3.1.11a)
)
(C:\Users\sayan\AppData\Local\Programs\MiKTeX\tex/generic/pgf/basiclayer\pgfcor
epatterns.code.tex
File: pgfcorepatterns.code.tex 2025-08-29 v3.1.11a (3.1.11a)
)
(C:\Users\sayan\AppData\Local\Programs\MiKTeX\tex/generic/pgf/basiclayer\pgfcor
erdf.code.tex
File: pgfcorerdf.code.tex 2025-08-29 v3.1.11a (3.1.11a)
)))
(C:\Users\sayan\AppData\Local\Programs\MiKTeX\tex/generic/pgf/modules\pgfmodule
shapes.code.tex
File: pgfmoduleshapes.code.tex 2025-08-29 v3.1.11a (3.1.11a)
\pgfnodeparttextbox=\box62
)
(C:\Users\sayan\AppData\Local\Programs\MiKTeX\tex/generic/pgf/modules\pgfmodule
plot.code.tex
File: pgfmoduleplot.code.tex 2025-08-29 v3.1.11a (3.1.11a)
)
(C:\Users\sayan\AppData\Local\Programs\MiKTeX\tex/latex/pgf/compatibility\pgfco
mp-version-0-65.sty
Package: pgfcomp-version-0-65 2025-08-29 v3.1.11a (3.1.11a)
\pgf@nodesepstart=\dimen266
\pgf@nodesepend=\dimen267
)
(C:\Users\sayan\AppData\Local\Programs\MiKTeX\tex/latex/pgf/compatibility\pgfco
mp-version-1-18.sty
Package: pgfcomp-version-1-18 2025-08-29 v3.1.11a (3.1.11a)
))
(C:\Users\sayan\AppData\Local\Programs\MiKTeX\tex/latex/pgf/utilities\pgffor.st
y
(C:\Users\sayan\AppData\Local\Programs\MiKTeX\tex/latex/pgf/utilities\pgfkeys.s
ty
(C:\Users\sayan\AppData\Local\Programs\MiKTeX\tex/generic/pgf/utilities\pgfkeys
.code.tex))
(C:\Users\sayan\AppData\Local\Programs\MiKTeX\tex/latex/pgf/math\pgfmath.sty
(C:\Users\sayan\AppData\Local\Programs\MiKTeX\tex/generic/pgf/math\pgfmath.code
.tex))
(C:\Users\sayan\AppData\Local\Programs\MiKTeX\tex/generic/pgf/utilities\pgffor.
code.tex
Package: pgffor 2025-08-29 v3.1.11a (3.1.11a)
\pgffor@iter=\dimen268
\pgffor@skip=\dimen269
\pgffor@stack=\toks32
\pgffor@toks=\toks33
))
(C:\Users\sayan\AppData\Local\Programs\MiKTeX\tex/generic/pgf/frontendlayer/tik
z\tikz.code.tex
Package: tikz 2025-08-29 v3.1.11a (3.1.11a)

(C:\Users\sayan\AppData\Local\Programs\MiKTeX\tex/generic/pgf/libraries\pgflibr
aryplothandlers.code.tex
File: pgflibraryplothandlers.code.tex 2025-08-29 v3.1.11a (3.1.11a)
\pgf@plot@mark@count=\count320
\pgfplotmarksize=\dimen270
)
\tikz@lastx=\dimen271
\tikz@lasty=\dimen272
\tikz@lastxsaved=\dimen273
\tikz@lastysaved=\dimen274
\tikz@lastmovetox=\dimen275
\tikz@lastmovetoy=\dimen276
\tikzleveldistance=\dimen277
\tikzsiblingdistance=\dimen278
\tikz@figbox=\box63
\tikz@figbox@bg=\box64
\tikz@tempbox=\box65
\tikz@tempbox@bg=\box66
\tikztreelevel=\count321
\tikznumberofchildren=\count322
\tikznumberofcurrentchild=\count323
\tikz@fig@count=\count324

(C:\Users\sayan\AppData\Local\Programs\MiKTeX\tex/generic/pgf/modules\pgfmodule
matrix.code.tex
File: pgfmodulematrix.code.tex 2025-08-29 v3.1.11a (3.1.11a)
\pgfmatrixcurrentrow=\count325
\pgfmatrixcurrentcolumn=\count326
\pgf@matrix@numberofcolumns=\count327
)
\tikz@expandcount=\count328

(C:\Users\sayan\AppData\Local\Programs\MiKTeX\tex/generic/pgf/frontendlayer/tik
z/libraries\tikzlibrarytopaths.code.tex
File: tikzlibrarytopaths.code.tex 2025-08-29 v3.1.11a (3.1.11a)
)))
(C:\Users\sayan\AppData\Local\Programs\MiKTeX\tex/latex/tools\verbatim.sty
Package: verbatim 2024-01-22 v1.5x LaTeX2e package for verbatim enhancements
\every@verbatim=\toks34
\verbatim@line=\toks35
\verbatim@in@stream=\read3
)
(C:\Users\sayan\AppData\Local\Programs\MiKTeX\tex/latex/environ\environ.sty
Package: environ 2014/05/04 v0.3 A new way to define environments

(C:\Users\sayan\AppData\Local\Programs\MiKTeX\tex/latex/trimspaces\trimspaces.s
ty
Package: trimspaces 2009/09/17 v1.1 Trim spaces around a token list
)
\@envbody=\toks36
)
(C:\Users\sayan\AppData\Local\Programs\MiKTeX\tex/latex/etoolbox\etoolbox.sty
Package: etoolbox 2025/10/02 v2.5m e-TeX tools for LaTeX (JAW)
\etb@tempcnta=\count329
)
\tcb@titlebox=\box67
\tcb@upperbox=\box68
\tcb@lowerbox=\box69
\tcb@phantombox=\box70
\c@tcbbreakpart=\count330
\c@tcblayer=\count331
\c@tcolorbox@number=\count332
\l__tcobox_tmpa_box=\box71
\l__tcobox_tmpa_dim=\dimen279
\tcb@temp=\box72
\tcb@temp=\box73
\tcb@temp=\box74
\tcb@temp=\box75
)
(C:\Users\sayan\AppData\Local\Programs\MiKTeX\tex/latex/tcolorbox\tcbskins.code
.tex
Library (tcolorbox): 'tcbskins.code.tex' version '6.10.0'

(C:\Users\sayan\AppData\Local\Programs\MiKTeX\tex/latex/tikzfill\tikzfill.image
.sty
Package: tikzfill.image 2026/04/23 v1.2.0 Image filling library for TikZ

(C:\Users\sayan\AppData\Local\Programs\MiKTeX\tex/latex/tikzfill\tikzlibraryfil
l.image.code.tex
File: tikzlibraryfill.image.code.tex 2026/04/23 v1.2.0 Image filling library
\l__tikzfill_tmpa_dim=\dimen280
\l__tikzfill_tmpb_dim=\dimen281
\l__tikzfill_img_box=\box76
))
(C:\Users\sayan\AppData\Local\Programs\MiKTeX\tex/latex/tcolorbox\tcbskinsjigsa
w.code.tex
Library (tcolorbox): 'tcbskinsjigsaw.code.tex' version '6.10.0'
))
(C:\Users\sayan\AppData\Local\Programs\MiKTeX\tex/latex/tcolorbox\tcbbreakable.
code.tex
Library (tcolorbox): 'tcbbreakable.code.tex' version '6.10.0'
(C:\Users\sayan\AppData\Local\Programs\MiKTeX\tex/latex/pdfcol\pdfcol.sty
Package: pdfcol 2022-09-21 v1.7 Handle new color stacks for pdfTeX (HO)

(C:\Users\sayan\AppData\Local\Programs\MiKTeX\tex/generic/ltxcmds\ltxcmds.sty
Package: ltxcmds 2023-12-04 v1.26 LaTeX kernel commands for general use (HO)
)
(C:\Users\sayan\AppData\Local\Programs\MiKTeX\tex/generic/infwarerr\infwarerr.s
ty
Package: infwarerr 2019/12/03 v1.5 Providing info/warning/error messages (HO)
)
Package pdfcol Info: Interface disabled because of missing PDF mode of pdfTeX.
)
Package pdfcol Info: pdfTeX's color stacks are not available.
\tcb@testbox=\box77
\tcb@totalupperbox=\box78
\tcb@totallowerbox=\box79
)
(C:\Users\sayan\AppData\Local\Programs\MiKTeX\tex/latex/tools\tabularx.sty
Package: tabularx 2023/12/11 v2.12a `tabularx' package (DPC)

(C:\Users\sayan\AppData\Local\Programs\MiKTeX\tex/latex/tools\array.sty
Package: array 2026/02/24 v2.7b Tabular extension package (FMi)
\col@sep=\dimen282
\ar@mcellbox=\box80
\extrarowheight=\dimen283
\NC@list=\toks37
\extratabsurround=\skip67
\backup@length=\skip68
\ar@cellbox=\box81
)
\TX@col@width=\dimen284
\TX@old@table=\dimen285
\TX@old@col=\dimen286
\TX@target=\dimen287
\TX@delta=\dimen288
\TX@cols=\count333
\TX@ftn=\toks38
)
(C:\Users\sayan\AppData\Local\Programs\MiKTeX\tex/latex/tools\longtable.sty
Package: longtable 2026-01-28 v4.27 Multi-page Table package (DPC)
\LTleft=\skip69
\LTright=\skip70
\LTpre=\skip71
\LTpost=\skip72
\LTchunksize=\count334
\LTcapwidth=\dimen289
\LT@head=\box82
\LT@firsthead=\box83
\LT@foot=\box84
\LT@lastfoot=\box85
\LT@gbox=\box86
\LT@cols=\count335
\LT@rows=\count336
\c@LT@tables=\count337
\c@LT@chunks=\count338
\LT@p@ftn=\toks39
)
(C:\Users\sayan\AppData\Local\Programs\MiKTeX\tex/latex/booktabs\booktabs.sty
Package: booktabs 2020/01/12 v1.61803398 Publication quality tables
\heavyrulewidth=\dimen290
\lightrulewidth=\dimen291
\cmidrulewidth=\dimen292
\belowrulesep=\dimen293
\belowbottomsep=\dimen294
\aboverulesep=\dimen295
\abovetopsep=\dimen296
\cmidrulesep=\dimen297
\cmidrulekern=\dimen298
\defaultaddspace=\dimen299
\@cmidla=\count339
\@cmidlb=\count340
\@aboverulesep=\dimen300
\@belowrulesep=\dimen301
\@thisruleclass=\count341
\@lastruleclass=\count342
\@thisrulewidth=\dimen302
)
(C:\Users\sayan\AppData\Local\Programs\MiKTeX\tex/latex/enumitem\enumitem.sty
Package: enumitem 2025/02/06 v3.11 Customized lists
\labelindent=\skip73
\enit@outerparindent=\dimen303
\enit@toks=\toks40
\enit@inbox=\box87
\enit@count@id=\count343
\enitdp@description=\count344
)
(C:\Users\sayan\AppData\Local\Programs\MiKTeX\tex/latex/hyperref\hyperref.sty
Package: hyperref 2026-04-24 v7.01q Hypertext links for LaTeX

(C:\Users\sayan\AppData\Local\Programs\MiKTeX\tex/latex/kvsetkeys\kvsetkeys.sty
Package: kvsetkeys 2022-10-05 v1.19 Key value parser (HO)
)
(C:\Users\sayan\AppData\Local\Programs\MiKTeX\tex/generic/kvdefinekeys\kvdefine
keys.sty
Package: kvdefinekeys 2019-12-19 v1.6 Define keys (HO)
)
(C:\Users\sayan\AppData\Local\Programs\MiKTeX\tex/generic/pdfescape\pdfescape.s
ty
Package: pdfescape 2019/12/09 v1.15 Implements pdfTeX's escape features (HO)

(C:\Users\sayan\AppData\Local\Programs\MiKTeX\tex/generic/pdftexcmds\pdftexcmds
.sty
Package: pdftexcmds 2020-06-27 v0.33 Utility functions of pdfTeX for LuaTeX (HO
)
Package pdftexcmds Info: \pdf@primitive is available.
Package pdftexcmds Info: \pdf@ifprimitive is available.
Package pdftexcmds Info: \pdfdraftmode not found.
))
(C:\Users\sayan\AppData\Local\Programs\MiKTeX\tex/latex/hycolor\hycolor.sty
Package: hycolor 2020-01-27 v1.10 Color options for hyperref/bookmark (HO)
)
(C:\Users\sayan\AppData\Local\Programs\MiKTeX\tex/latex/hyperref\nameref.sty
Package: nameref 2026-01-29 v2.58 Cross-referencing by name of section

(C:\Users\sayan\AppData\Local\Programs\MiKTeX\tex/latex/refcount\refcount.sty
Package: refcount 2019/12/15 v3.6 Data extraction from label references (HO)
)
(C:\Users\sayan\AppData\Local\Programs\MiKTeX\tex/generic/gettitlestring\gettit
lestring.sty
Package: gettitlestring 2019/12/15 v1.6 Cleanup title references (HO)

(C:\Users\sayan\AppData\Local\Programs\MiKTeX\tex/latex/kvoptions\kvoptions.sty
Package: kvoptions 2022-06-15 v3.15 Key value format for package options (HO)
))
\c@section@level=\count345
)
(C:\Users\sayan\AppData\Local\Programs\MiKTeX\tex/generic/stringenc\stringenc.s
ty
Package: stringenc 2019/11/29 v1.12 Convert strings between diff. encodings (HO
)
)
\@linkdim=\dimen304
\Hy@linkcounter=\count346
\Hy@pagecounter=\count347
 (C:\Users\sayan\AppData\Local\Programs\MiKTeX\tex/latex/hyperref\pd1enc.def
File: pd1enc.def 2026-04-24 v7.01q Hyperref: PDFDocEncoding definition (HO)
) (C:\Users\sayan\AppData\Local\Programs\MiKTeX\tex/generic/intcalc\intcalc.sty
Package: intcalc 2019/12/15 v1.3 Expandable calculations with integers (HO)
)
\Hy@SavedSpaceFactor=\count348
 (C:\Users\sayan\AppData\Local\Programs\MiKTeX\tex/latex/hyperref\puenc.def
File: puenc.def 2026-04-24 v7.01q Hyperref: PDF Unicode definition (HO)
)
Package hyperref Info: Hyper figures OFF on input line 4199.
Package hyperref Info: Link nesting OFF on input line 4204.
Package hyperref Info: Hyper index ON on input line 4207.
Package hyperref Info: Plain pages OFF on input line 4214.
Package hyperref Info: Backreferencing OFF on input line 4219.
Package hyperref Info: Implicit mode ON; LaTeX internals redefined.
Package hyperref Info: Bookmarks ON on input line 4466.
\c@Hy@tempcnt=\count349

(C:\Users\sayan\AppData\Local\Programs\MiKTeX\tex/latex/url\url.sty
\Urlmuskip=\muskip17
Package: url 2013/09/16  ver 3.4  Verb mode for urls, etc.
)
LaTeX Info: Redefining \url on input line 4805.
\XeTeXLinkMargin=\dimen305

(C:\Users\sayan\AppData\Local\Programs\MiKTeX\tex/generic/bitset\bitset.sty
Package: bitset 2019/12/09 v1.3 Handle bit-vector datatype (HO)

(C:\Users\sayan\AppData\Local\Programs\MiKTeX\tex/generic/bigintcalc\bigintcalc
.sty
Package: bigintcalc 2019/12/15 v1.5 Expandable calculations on big integers (HO
)
))
\Fld@menulength=\count350
\Field@Width=\dimen306
\Fld@charsize=\dimen307
Package hyperref Info: Hyper figures OFF on input line 6091.
Package hyperref Info: Link nesting OFF on input line 6096.
Package hyperref Info: Hyper index ON on input line 6099.
Package hyperref Info: backreferencing OFF on input line 6106.
Package hyperref Info: Link coloring OFF on input line 6111.
Package hyperref Info: Link coloring with OCG OFF on input line 6116.
Package hyperref Info: PDF/A mode OFF on input line 6121.
\Hy@abspage=\count351
\c@Item=\count352
\c@Hfootnote=\count353
)
Package hyperref Info: Driver (autodetected): hxetex.

(C:\Users\sayan\AppData\Local\Programs\MiKTeX\tex/latex/hyperref\hxetex.def
File: hxetex.def 2026-04-24 v7.01q Hyperref driver for XeTeX
\pdfm@box=\box88
\c@Hy@AnnotLevel=\count354
\HyField@AnnotCount=\count355
\Fld@listcount=\count356
\c@bookmark@seq@number=\count357

(C:\Users\sayan\AppData\Local\Programs\MiKTeX\tex/latex/rerunfilecheck\rerunfil
echeck.sty
Package: rerunfilecheck 2025-06-21 v1.11 Rerun checks for auxiliary files (HO)

(C:\Users\sayan\AppData\Local\Programs\MiKTeX\tex/generic/uniquecounter\uniquec
ounter.sty
Package: uniquecounter 2019/12/15 v1.4 Provide unlimited unique counter (HO)
)
Package uniquecounter Info: New unique counter `rerunfilecheck' on input line 2
84.
)
\Hy@SectionHShift=\skip74
)
(C:\Users\sayan\AppData\Local\Programs\MiKTeX\tex/latex/tocloft\tocloft.sty
Package: tocloft 2017/08/31 v2.3i parameterised ToC, etc., typesetting
Package tocloft Info: The document has chapter divisions on input line 51.
\cftparskip=\skip75
\cftbeforetoctitleskip=\skip76
\cftaftertoctitleskip=\skip77
\cftbeforepartskip=\skip78
\cftpartnumwidth=\skip79
\cftpartindent=\skip80
\cftbeforechapskip=\skip81
\cftchapindent=\skip82
\cftchapnumwidth=\skip83
\cftbeforesecskip=\skip84
\cftsecindent=\skip85
\cftsecnumwidth=\skip86
\cftbeforesubsecskip=\skip87
\cftsubsecindent=\skip88
\cftsubsecnumwidth=\skip89
\cftbeforesubsubsecskip=\skip90
\cftsubsubsecindent=\skip91
\cftsubsubsecnumwidth=\skip92
\cftbeforeparaskip=\skip93
\cftparaindent=\skip94
\cftparanumwidth=\skip95
\cftbeforesubparaskip=\skip96
\cftsubparaindent=\skip97
\cftsubparanumwidth=\skip98
\cftbeforeloftitleskip=\skip99
\cftafterloftitleskip=\skip100
\cftbeforefigskip=\skip101
\cftfigindent=\skip102
\cftfignumwidth=\skip103
\c@lofdepth=\count358
\c@lotdepth=\count359
\cftbeforelottitleskip=\skip104
\cftafterlottitleskip=\skip105
\cftbeforetabskip=\skip106
\cfttabindent=\skip107
\cfttabnumwidth=\skip108
)
(C:\Users\sayan\AppData\Local\Programs\MiKTeX\tex/latex/needspace\needspace.sty
Package: needspace 2025/03/13 v1.3e reserve vertical space
) (C:\Users\sayan\AppData\Local\Programs\MiKTeX\tex/latex/amsfonts\amssymb.sty
Package: amssymb 2013/01/14 v3.01 AMS font symbols

(C:\Users\sayan\AppData\Local\Programs\MiKTeX\tex/latex/amsfonts\amsfonts.sty
Package: amsfonts 2013/01/14 v3.01 Basic AMSFonts support
\@emptytoks=\toks41
\symAMSa=\mathgroup4
\symAMSb=\mathgroup5
LaTeX Font Info:    Redeclaring math symbol \hbar on input line 98.
LaTeX Font Info:    Overwriting math alphabet `\mathfrak' in version `bold'
(Font)                  U/euf/m/n --> U/euf/b/n on input line 106.
)) (C:\Users\sayan\AppData\Local\Programs\MiKTeX\tex/latex/amsmath\amsmath.sty
Package: amsmath 2026/05/19 v2.18d AMS math features
\@mathmargin=\skip109

For additional information on amsmath, use the `?' option.
(C:\Users\sayan\AppData\Local\Programs\MiKTeX\tex/latex/amsmath\amstext.sty
Package: amstext 2024/11/17 v2.01 AMS text

(C:\Users\sayan\AppData\Local\Programs\MiKTeX\tex/latex/amsmath\amsgen.sty
File: amsgen.sty 1999/11/30 v2.0 generic functions
\@emptytoks=\toks42
\ex@=\dimen308
))
(C:\Users\sayan\AppData\Local\Programs\MiKTeX\tex/latex/amsmath\amsbsy.sty
Package: amsbsy 1999/11/29 v1.2d Bold Symbols
\pmbraise@=\dimen309
)
(C:\Users\sayan\AppData\Local\Programs\MiKTeX\tex/latex/amsmath\amsopn.sty
Package: amsopn 2022/04/08 v2.04 operator names
)
\inf@bad=\count360
LaTeX Info: Redefining \frac on input line 233.
\uproot@=\count361
\leftroot@=\count362
LaTeX Info: Redefining \overline on input line 398.
LaTeX Info: Redefining \colon on input line 409.
\classnum@=\count363
\DOTSCASE@=\count364
LaTeX Info: Redefining \ldots on input line 495.
LaTeX Info: Redefining \dots on input line 498.
LaTeX Info: Redefining \cdots on input line 619.
\Mathstrutbox@=\box89
\strutbox@=\box90
LaTeX Info: Redefining \big on input line 721.
LaTeX Info: Redefining \Big on input line 722.
LaTeX Info: Redefining \bigg on input line 723.
LaTeX Info: Redefining \Bigg on input line 724.
\big@size=\dimen310
LaTeX Font Info:    Redeclaring font encoding OML on input line 742.
LaTeX Font Info:    Redeclaring font encoding OMS on input line 743.
\macc@depth=\count365
LaTeX Info: Redefining \bmod on input line 904.
LaTeX Info: Redefining \pmod on input line 909.
LaTeX Info: Redefining \smash on input line 939.
LaTeX Info: Redefining \relbar on input line 969.
LaTeX Info: Redefining \Relbar on input line 970.
\c@MaxMatrixCols=\count366
\dotsspace@=\muskip18
\c@parentequation=\count367
\dspbrk@lvl=\count368
\tag@help=\toks43
\row@=\count369
\column@=\count370
\maxfields@=\count371
\andhelp@=\toks44
\eqnshift@=\dimen311
\alignsep@=\dimen312
\tagshift@=\dimen313
\tagwidth@=\dimen314
\totwidth@=\dimen315
\lineht@=\dimen316
\@envbody=\toks45
\multlinegap=\skip110
\multlinetaggap=\skip111
\mathdisplay@stack=\toks46
LaTeX Info: Redefining \[ on input line 2965.
LaTeX Info: Redefining \] on input line 2966.
)
Package hyperref Info: Option `colorlinks' set `true' on input line 46.
Package hyperref Info: Option `bookmarksopen' set `true' on input line 46.

(main.aux (chapters/part01.aux) (chapters/part02.aux) (chapters/part03.aux)
(chapters/part04.aux) (chapters/part05.aux) (chapters/part06.aux)
(chapters/part07.aux) (chapters/part08.aux) (chapters/part09.aux)
(chapters/part10.aux) (chapters/part11.aux) (chapters/part12.aux)
(chapters/part13.aux) (chapters/part14.aux) (chapters/part15.aux)
(chapters/part16.aux) (chapters/part17.aux) (chapters/part18.aux)
(chapters/part19.aux) (chapters/part20.aux) (chapters/part21.aux)
(chapters/part22.aux) (chapters/part23.aux) (chapters/part24.aux)
(chapters/part25.aux) (chapters/part26.aux) (chapters/part27.aux)
(chapters/part28.aux) (chapters/part29.aux) (chapters/part30.aux)
(chapters/part31.aux) (chapters/part32.aux) (chapters/part33.aux)
(chapters/part34.aux) (chapters/part35.aux) (chapters/part36.aux)
(chapters/part37.aux) (chapters/part38.aux) (chapters/part39.aux)
(chapters/part40.aux) (chapters/part41.aux) (chapters/part42.aux)
(chapters/part43.aux) (chapters/part44.aux) (chapters/part45.aux)
(chapters/part46.aux) (chapters/part47.aux) (chapters/part48.aux)
(chapters/part49.aux) (chapters/final.aux))
\openout1 = `main.aux'.

LaTeX Font Info:    Checking defaults for OML/cmm/m/it on input line 172.
LaTeX Font Info:    ... okay on input line 172.
LaTeX Font Info:    Checking defaults for OMS/cmsy/m/n on input line 172.
LaTeX Font Info:    ... okay on input line 172.
LaTeX Font Info:    Checking defaults for OT1/cmr/m/n on input line 172.
LaTeX Font Info:    ... okay on input line 172.
LaTeX Font Info:    Checking defaults for T1/cmr/m/n on input line 172.
LaTeX Font Info:    ... okay on input line 172.
LaTeX Font Info:    Checking defaults for TS1/cmr/m/n on input line 172.
LaTeX Font Info:    ... okay on input line 172.
LaTeX Font Info:    Checking defaults for TU/lmr/m/n on input line 172.
LaTeX Font Info:    ... okay on input line 172.
LaTeX Font Info:    Checking defaults for OMX/cmex/m/n on input line 172.
LaTeX Font Info:    ... okay on input line 172.
LaTeX Font Info:    Checking defaults for U/cmr/m/n on input line 172.
LaTeX Font Info:    ... okay on input line 172.
LaTeX Font Info:    Checking defaults for PD1/pdf/m/n on input line 172.
LaTeX Font Info:    ... okay on input line 172.
LaTeX Font Info:    Checking defaults for PU/pdf/m/n on input line 172.
LaTeX Font Info:    ... okay on input line 172.

*geometry* driver: auto-detecting
*geometry* detected driver: xetex
*geometry* verbose mode - [ preamble ] result:
* driver: xetex
* paper: a4paper
* layout: <same size as paper>
* layoutoffset:(h,v)=(0.0pt,0.0pt)
* modes: 
* h-part:(L,W,R)=(62.59596pt, 472.31595pt, 62.59596pt)
* v-part:(T,H,B)=(62.59596pt, 719.85492pt, 62.59596pt)
* \paperwidth=597.50787pt
* \paperheight=845.04684pt
* \textwidth=472.31595pt
* \textheight=719.85492pt
* \oddsidemargin=-9.67403pt
* \evensidemargin=-9.67403pt
* \topmargin=-41.54782pt
* \headheight=12.0pt
* \headsep=19.8738pt
* \topskip=11.0pt
* \footskip=27.46295pt
* \marginparwidth=62.0pt
* \marginparsep=7.0pt
* \columnsep=10.0pt
* \skip\footins=10.0pt plus 4.0pt minus 2.0pt
* \hoffset=0.0pt
* \voffset=0.0pt
* \mag=1000
* \@twocolumnfalse
* \@twosidefalse
* \@mparswitchfalse
* \@reversemarginfalse
* (1in=72.27pt=25.4mm, 1cm=28.453pt)


Package fontspec Info: 
(fontspec)             Adjusting the maths setup (use [no-math] to avoid
(fontspec)             this).

\symlegacymaths=\mathgroup6
LaTeX Font Info:    Overwriting symbol font `legacymaths' in version `bold'
(Font)                  OT1/cmr/m/n --> OT1/cmr/bx/n on input line 172.
LaTeX Font Info:    Redeclaring math accent \acute on input line 172.
LaTeX Font Info:    Redeclaring math accent \grave on input line 172.
LaTeX Font Info:    Redeclaring math accent \ddot on input line 172.
LaTeX Font Info:    Redeclaring math accent \tilde on input line 172.
LaTeX Font Info:    Redeclaring math accent \bar on input line 172.
LaTeX Font Info:    Redeclaring math accent \breve on input line 172.
LaTeX Font Info:    Redeclaring math accent \check on input line 172.
LaTeX Font Info:    Redeclaring math accent \hat on input line 172.
LaTeX Font Info:    Redeclaring math accent \dot on input line 172.
LaTeX Font Info:    Redeclaring math accent \mathring on input line 172.
LaTeX Font Info:    Redeclaring math symbol \Gamma on input line 172.
LaTeX Font Info:    Redeclaring math symbol \Delta on input line 172.
LaTeX Font Info:    Redeclaring math symbol \Theta on input line 172.
LaTeX Font Info:    Redeclaring math symbol \Lambda on input line 172.
LaTeX Font Info:    Redeclaring math symbol \Xi on input line 172.
LaTeX Font Info:    Redeclaring math symbol \Pi on input line 172.
LaTeX Font Info:    Redeclaring math symbol \Sigma on input line 172.
LaTeX Font Info:    Redeclaring math symbol \Upsilon on input line 172.
LaTeX Font Info:    Redeclaring math symbol \Phi on input line 172.
LaTeX Font Info:    Redeclaring math symbol \Psi on input line 172.
LaTeX Font Info:    Redeclaring math symbol \Omega on input line 172.
LaTeX Font Info:    Redeclaring math symbol \mathdollar on input line 172.
LaTeX Font Info:    Redeclaring symbol font `operators' on input line 172.
LaTeX Font Info:    Encoding `OT1' has changed to `TU' for symbol font
(Font)              `operators' in the math version `normal' on input line 172.

LaTeX Font Info:    Overwriting symbol font `operators' in version `normal'
(Font)                  OT1/cmr/m/n --> TU/Georgia(0)/m/n on input line 172.
LaTeX Font Info:    Encoding `OT1' has changed to `TU' for symbol font
(Font)              `operators' in the math version `bold' on input line 172.
LaTeX Font Info:    Overwriting symbol font `operators' in version `bold'
(Font)                  OT1/cmr/bx/n --> TU/Georgia(0)/m/n on input line 172.
LaTeX Font Info:    Overwriting symbol font `operators' in version `normal'
(Font)                  TU/Georgia(0)/m/n --> TU/Georgia(0)/m/n on input line 1
72.
LaTeX Font Info:    Overwriting math alphabet `\mathit' in version `normal'
(Font)                  OT1/cmr/m/it --> TU/Georgia(0)/m/it on input line 172.
LaTeX Font Info:    Overwriting math alphabet `\mathbf' in version `normal'
(Font)                  OT1/cmr/bx/n --> TU/Georgia(0)/b/n on input line 172.
LaTeX Font Info:    Overwriting math alphabet `\mathsf' in version `normal'
(Font)                  OT1/cmss/m/n --> TU/lmss/m/n on input line 172.
LaTeX Font Info:    Overwriting math alphabet `\mathtt' in version `normal'
(Font)                  OT1/cmtt/m/n --> TU/lmtt/m/n on input line 172.
LaTeX Font Info:    Overwriting symbol font `operators' in version `bold'
(Font)                  TU/Georgia(0)/m/n --> TU/Georgia(0)/b/n on input line 1
72.
LaTeX Font Info:    Overwriting math alphabet `\mathit' in version `bold'
(Font)                  OT1/cmr/bx/it --> TU/Georgia(0)/b/it on input line 172.

LaTeX Font Info:    Overwriting math alphabet `\mathsf' in version `bold'
(Font)                  OT1/cmss/bx/n --> TU/lmss/b/n on input line 172.
LaTeX Font Info:    Overwriting math alphabet `\mathtt' in version `bold'
(Font)                  OT1/cmtt/m/n --> TU/lmtt/b/n on input line 172.
\c@lstlisting=\count372
Package hyperref Info: Link coloring ON on input line 172.
(main.out) (main.out)
\@outlinefile=\write4
\openout4 = `main.out'.

*geometry* verbose mode - [ newgeometry ] result:
* driver: xetex
* paper: a4paper
* layout: <same size as paper>
* layoutoffset:(h,v)=(0.0pt,0.0pt)
* modes: 
* h-part:(L,W,R)=(0.0pt, 597.50787pt, 0.0pt)
* v-part:(T,H,B)=(0.0pt, 845.04684pt, 0.0pt)
* \paperwidth=597.50787pt
* \paperheight=845.04684pt
* \textwidth=597.50787pt
* \textheight=845.04684pt
* \oddsidemargin=-72.26999pt
* \evensidemargin=-72.26999pt
* \topmargin=-104.14378pt
* \headheight=12.0pt
* \headsep=19.8738pt
* \topskip=11.0pt
* \footskip=27.46295pt
* \marginparwidth=62.0pt
* \marginparsep=7.0pt
* \columnsep=10.0pt
* \skip\footins=10.0pt plus 4.0pt minus 2.0pt
* \hoffset=0.0pt
* \voffset=0.0pt
* \mag=1000
* \@twocolumnfalse
* \@twosidefalse
* \@mparswitchfalse
* \@reversemarginfalse
* (1in=72.27pt=25.4mm, 1cm=28.453pt)

LaTeX Font Info:    Trying to load font information for U+msa on input line 187
.

(C:\Users\sayan\AppData\Local\Programs\MiKTeX\tex/latex/amsfonts\umsa.fd
File: umsa.fd 2013/01/14 v3.01 AMS symbols A
)
LaTeX Font Info:    Trying to load font information for U+msb on input line 187
.

(C:\Users\sayan\AppData\Local\Programs\MiKTeX\tex/latex/amsfonts\umsb.fd
File: umsb.fd 2013/01/14 v3.01 AMS symbols B
)
[1



] [1


] (main.toc [1


] [2] [3] [4]
Overfull \hbox (0.73569pt too wide) detected at line 202
\TU/Georgia(0)/m/n/10.95 37.10 
 []

[5])
\tf@toc=\write5
\openout5 = `main.toc'.

 [6]
\openout2 = `chapters/part01.aux'.

 (chapters/part01.tex
Chapter 1.
[1



] [2]) [3]
\openout2 = `chapters/part02.aux'.

 (chapters/part02.tex
Chapter 2.

LaTeX Warning: `h' float specifier changed to `ht'.

[4




]
Underfull \hbox (badness 10000) in paragraph at lines 94--97
[]\TU/Georgia(0)/m/n/10.95 Add \TU/lmtt/m/n/10.95 "dev": "nodemon server.js" \T
U/Georgia(0)/m/n/10.95 and \TU/lmtt/m/n/10.95 "start": "node server.js" \TU/Geo
rgia(0)/m/n/10.95 to
 []


Underfull \hbox (badness 1194) in paragraph at lines 94--97
\TU/lmtt/m/n/10.95 backend/package.json \TU/Georgia(0)/m/n/10.95 scripts now – 
you will use \TU/lmtt/m/n/10.95 npm run dev \TU/Georgia(0)/m/n/10.95 constantly
 for the rest
 []

) [5]
\openout2 = `chapters/part03.aux'.

 (chapters/part03.tex
Chapter 3.

Underfull \hbox (badness 10000) in paragraph at lines 55--55
[]|\TU/Georgia(0)/m/n/10.95 Route-level components that com-
 []


Underfull \hbox (badness 2564) in paragraph at lines 55--55
\TU/Georgia(0)/m/n/10.95 pose components into a full screen
 []


Underfull \hbox (badness 3260) in paragraph at lines 55--55
[]|\TU/Georgia(0)/m/n/10.95 Low-level reusable UI meant to be
 []


Underfull \hbox (badness 4673) in paragraph at lines 55--55
[]|\TU/Georgia(0)/m/n/10.95 One-off local component state that
 []


Underfull \hbox (badness 10000) in paragraph at lines 55--55
[]|\TU/Georgia(0)/m/n/10.95 Functions that call the \TU/lmtt/m/n/10.95 api/
 []


Underfull \hbox (badness 10000) in paragraph at lines 55--55
\TU/Georgia(0)/m/n/10.95 layer for a specific resource
 []


Underfull \hbox (badness 2426) in paragraph at lines 55--55
[]|\TU/Georgia(0)/m/n/10.95 Components, hooks, anything using
 []


LaTeX Warning: `h' float specifier changed to `ht'.

[6




]) [7]
\openout2 = `chapters/part04.aux'.

 (chapters/part04.tex
Chapter 4.
[8




] [9]) [10]
\openout2 = `chapters/part05.aux'.

 (chapters/part05.tex
Chapter 5.
[11




] [12]) [13]
\openout2 = `chapters/part06.aux'.

 (chapters/part06.tex
Chapter 6.
[14




] [15]) [16]
\openout2 = `chapters/part07.aux'.

 (chapters/part07.tex
Chapter 7.
[17




]) [18]
\openout2 = `chapters/part08.aux'.

 (chapters/part08.tex
Chapter 8.
[19




] [20] [21]

Package tabularx Warning: X Columns too narrow (table too wide)
(tabularx)                 on input line 190.


Overfull \hbox (17.31255pt too wide) in paragraph at lines 190--190
[]|\TU/Georgia(0)/b/n/10.95 Used
 []


Overfull \hbox (6.00967pt too wide) in paragraph at lines 190--190
\TU/Georgia(0)/b/n/10.95 for| 
 []


Overfull \hbox (18.87378pt too wide) in paragraph at lines 190--190
[]|\TU/Georgia(0)/m/n/10.95 Single
 []


Overfull \hbox (2.92464pt too wide) in paragraph at lines 190--190
\TU/Georgia(0)/m/n/10.95 re-
 []


Overfull \hbox (20.73442pt too wide) in paragraph at lines 190--190
\TU/Georgia(0)/m/n/10.95 source
 []


Underfull \hbox (badness 10000) in paragraph at lines 190--190
\TU/Georgia(0)/m/n/10.95 or
 []


Overfull \hbox (3.90308pt too wide) in paragraph at lines 190--190
\TU/Georgia(0)/m/n/10.95 list
 []


Overfull \hbox (86.07083pt too wide) in paragraph at lines 190--190
\TU/Georgia(0)/m/n/10.95 fetch/create/update| 
 []


Overfull \hbox (25.46088pt too wide) in paragraph at lines 190--190
[]|\TU/Georgia(0)/m/n/10.95 Actions
 []


Overfull \hbox (10.48483pt too wide) in paragraph at lines 190--190
\TU/Georgia(0)/m/n/10.95 with
 []


Overfull \hbox (1.42221pt too wide) in paragraph at lines 190--190
\TU/Georgia(0)/m/n/10.95 no
 []


Overfull \hbox (10.3084pt too wide) in paragraph at lines 190--190
\TU/Georgia(0)/m/n/10.95 pay-
 []


Overfull \hbox (9.89136pt too wide) in paragraph at lines 190--190
\TU/Georgia(0)/m/n/10.95 load
 []


Underfull \hbox (badness 10000) in paragraph at lines 190--190
\TU/Georgia(0)/m/n/10.95 to
 []


Overfull \hbox (2.92464pt too wide) in paragraph at lines 190--190
\TU/Georgia(0)/m/n/10.95 re-
 []


Overfull \hbox (10.08383pt too wide) in paragraph at lines 190--190
\TU/Georgia(0)/m/n/10.95 turn| 
 []


Overfull \hbox (37.37863pt too wide) in paragraph at lines 190--190
[]|\TU/Georgia(0)/m/n/10.95 Paginated
 []


Overfull \hbox (3.90308pt too wide) in paragraph at lines 190--190
\TU/Georgia(0)/m/n/10.95 list
 []


Overfull \hbox (11.19594pt too wide) in paragraph at lines 190--190
\TU/Georgia(0)/m/n/10.95 end-
 []


Overfull \hbox (19.39775pt too wide) in paragraph at lines 190--190
\TU/Georgia(0)/m/n/10.95 points
 []


Overfull \hbox (22.42932pt too wide) in paragraph at lines 190--190
\TU/Georgia(0)/m/n/10.95 (Chap-
 []


Overfull \hbox (2.60918pt too wide) in paragraph at lines 190--190
\TU/Georgia(0)/m/n/10.95 ter
 []


Overfull \hbox (5.99362pt too wide) in paragraph at lines 190--190
\TU/Georgia(0)/m/n/10.95 20)| 
 []


Overfull \hbox (57.37286pt too wide) in alignment at lines 190--190
[][][] 
 []

) [22]
\openout2 = `chapters/part09.aux'.

 (chapters/part09.tex
Chapter 9.
LaTeX Font Info:    Font shape `TU/lmtt/bx/n' in size <14.4> not available
(Font)              Font shape `TU/lmtt/b/n' tried instead on input line 3.

Underfull \hbox (badness 1939) in paragraph at lines 11--11
[][]\TU/Georgia(0)/b/n/10.95 WHAT:[]  \TU/Georgia(0)/m/n/10.95 A production-gra
de Express backend separates the \TU/Georgia(0)/b/n/10.95 application definitio
n
 []

[23




]
Overfull \hbox (4.72574pt too wide) in paragraph at lines 95--95
[]\TU/lmtt/m/n/10.95 require app.js  ---> builds Express app + middleware + rou
tes (no side effects)[] 
 []

[24]
Overfull \hbox (23.40073pt too wide) in paragraph at lines 111--112
[]\TU/Georgia(0)/b/n/10.95 req (Request) \TU/Georgia(0)/m/n/10.95 — incoming da
ta: \TU/lmtt/m/n/10.95 req.body\TU/Georgia(0)/m/n/10.95 , \TU/lmtt/m/n/10.95 re
q.params\TU/Georgia(0)/m/n/10.95 , \TU/lmtt/m/n/10.95 req.query\TU/Georgia(0)/m
/n/10.95 , \TU/lmtt/m/n/10.95 req.cookies\TU/Georgia(0)/m/n/10.95 , \TU/lmtt/m/
n/10.95 req.headers\TU/Georgia(0)/m/n/10.95 . 
 []

) [25]
\openout2 = `chapters/part10.aux'.

 (chapters/part10.tex
Chapter 10.
[26




] [27]
Overfull \hbox (64.39534pt too wide) in paragraph at lines 105--106
[]\TU/Georgia(0)/b/n/10.95 Query params \TU/Georgia(0)/m/n/10.95 — key/value pa
irs after \TU/lmtt/m/n/10.95 ?\TU/Georgia(0)/m/n/10.95 , used for filtering, pa
gination, sorting. \TU/lmtt/m/n/10.95 /tasks?page=1&limit=10
 []

) [28]
\openout2 = `chapters/part11.aux'.

 (chapters/part11.tex
Chapter 11.
[29




] [30] [31]
Underfull \hbox (badness 3746) in paragraph at lines 178--178
[]|\TU/Georgia(0)/m/n/10.95 Map HTTP method+path to a con-
 []


Underfull \hbox (badness 2269) in paragraph at lines 178--178
[]|\TU/Georgia(0)/m/n/10.95 Read \TU/lmtt/m/n/10.95 req\TU/Georgia(0)/m/n/10.95
 , call one service function,
 []


Underfull \hbox (badness 10000) in paragraph at lines 178--178
[]|\TU/Georgia(0)/m/n/10.95 Direct Mongoose queries, complex
 []


Underfull \hbox (badness 2189) in paragraph at lines 178--178
[]|\TU/Georgia(0)/m/n/10.95 Schema definition, field-level valida-
 []

) [32]
\openout2 = `chapters/part12.aux'.

 (chapters/part12.tex
Chapter 12.
[33




]) [34]
\openout2 = `chapters/part13.aux'.

 (chapters/part13.tex
Chapter 13.
[35




]
Underfull \hbox (badness 10000) in paragraph at lines 73--73
[]|\TU/Georgia(0)/m/n/10.95 Schema option (not a field option) that auto-adds a
nd maintains
 []

[36]) [37]
\openout2 = `chapters/part14.aux'.

 (chapters/part14.tex
Chapter 14.
[38




] [39] [40] [41] [42]
Overfull \hbox (16.22324pt too wide) in paragraph at lines 299--299
[]\TU/lmtt/m/n/10.95 200 response ------------> setTasks(prev => filter out id)
 (optimistic UI update)[] 
 []

) [43]
\openout2 = `chapters/part15.aux'.

 (chapters/part15.tex
Chapter 15.

Overfull \hbox (2.76836pt too wide) in paragraph at lines 37--39
[]\TU/Georgia(0)/m/n/10.95 This is exactly the \TU/lmtt/m/n/10.95 Task.user \TU
/Georgia(0)/m/n/10.95 field from Chapter 13: each Task document stores a single
 \TU/lmtt/m/n/10.95 ObjectId
 []

[44




] [45]) [46]
\openout2 = `chapters/part16.aux'.

 (chapters/part16.tex
Chapter 16.
[47




] [48]) [49]
\openout2 = `chapters/part17.aux'.

 (chapters/part17.tex
Chapter 17.
[50




]
Underfull \hbox (badness 3219) in paragraph at lines 103--103
[]|\TU/Georgia(0)/m/n/10.95 Better resistance, noticeable login la-
 []

[51] [52]
LaTeX Font Info:    Font shape `TU/lmtt/bx/n' in size <12> not available
(Font)              Font shape `TU/lmtt/b/n' tried instead on input line 184.

Overfull \hbox (76.05112pt too wide) in paragraph at lines 186--192
\TU/Georgia(0)/m/n/10.95 permanently locking the user out because future logins
 compare against the wrong value. \TU/lmtt/m/n/10.95 isModified("password")
 []


Underfull \hbox (badness 4621) in paragraph at lines 194--199
[]\TU/Georgia(0)/m/n/10.95 With the pre-save hook approach, the controller simp
lifies to \TU/lmtt/m/n/10.95 User.create({ name,
 []


Underfull \hbox (badness 3199) in paragraph at lines 194--199
\TU/lmtt/m/n/10.95 email, password, role }) \TU/Georgia(0)/m/n/10.95 – no manua
l \TU/lmtt/m/n/10.95 bcrypt.hash \TU/Georgia(0)/m/n/10.95 call needed. Login st
ill uses
 []


Underfull \hbox (badness 2253) in paragraph at lines 204--204
[]\TU/Georgia(0)/b/n/10.95 HOW:[] \TU/Georgia(0)/m/n/10.95 Hash with \TU/lmtt/m
/n/10.95 bcrypt.hash(password, 10) \TU/Georgia(0)/m/n/10.95 on registration (or
 via a \TU/lmtt/m/n/10.95 pre("save")
 []

) [53]
\openout2 = `chapters/part18.aux'.

 (chapters/part18.tex
Chapter 18.
[54




] [55]) [56]
\openout2 = `chapters/part19.aux'.

 (chapters/part19.tex
Chapter 19.

Underfull \hbox (badness 1097) in paragraph at lines 59--59
[]|\TU/Georgia(0)/m/n/10.95 Blocks \TU/lmtt/m/n/10.95 document.cookie \TU/Georg
ia(0)/m/n/10.95 from reading
 []

[57




]
Underfull \hbox (badness 10000) in paragraph at lines 100--100
[]\TU/Georgia(0)/b/n/10.95 HOW:[] \TU/Georgia(0)/m/n/10.95 Set it with \TU/lmtt
/m/n/10.95 res.cookie("token", token, {httpOnly, secure, sameSite,
 []

) [58]
\openout2 = `chapters/part20.aux'.

 (chapters/part20.tex
Chapter 20.
[59




]
Underfull \hbox (badness 10000) in paragraph at lines 72--72
[]|\TU/lmtt/m/n/10.95 jwt.verify \TU/Georgia(0)/m/n/10.95 throws a
 []


Underfull \hbox (badness 10000) in paragraph at lines 72--72
[]|\TU/lmtt/m/n/10.95 jwt.verify \TU/Georgia(0)/m/n/10.95 throws a
 []


Underfull \hbox (badness 2384) in paragraph at lines 76--79
[]\TU/lmtt/m/n/10.95 .select("-password") \TU/Georgia(0)/m/n/10.95 excludes the
 hashed password from the document attached to
 []

[60]
Underfull \hbox (badness 10000) in paragraph at lines 124--124
[]\TU/Georgia(0)/b/n/10.95 HOW:[] \TU/Georgia(0)/m/n/10.95 Insert \TU/lmtt/m/n/
10.95 protect \TU/Georgia(0)/m/n/10.95 as a route parameter before the controll
er function:
 []


Underfull \hbox (badness 6927) in paragraph at lines 124--124
\TU/lmtt/m/n/10.95 router.get("/tasks", protect, getTasks)\TU/Georgia(0)/m/n/10
.95 ; any missing, invalid, or expired token
 []

) [61]
\openout2 = `chapters/part21.aux'.

 (chapters/part21.tex
Chapter 21.

Underfull \hbox (badness 10000) in paragraph at lines 25--25
[]|\TU/Georgia(0)/m/n/10.95 After authentication, before the
 []


Underfull \hbox (badness 2221) in paragraph at lines 25--25
[]|\TU/lmtt/m/n/10.95 req.user.role \TU/Georgia(0)/m/n/10.95 (or other permis-
 []

[62




]
Underfull \hbox (badness 1939) in paragraph at lines 99--104
\TU/Georgia(0)/m/n/10.95 ery permission combination in the app – \TU/lmtt/m/n/1
0.95 authorize("admin") \TU/Georgia(0)/m/n/10.95 for admin-only routes,
 []


Underfull \hbox (badness 1742) in paragraph at lines 117--117
[]\TU/Georgia(0)/b/n/10.95 HOW:[] \TU/Georgia(0)/m/n/10.95 Chain it after \TU/l
mtt/m/n/10.95 protect \TU/Georgia(0)/m/n/10.95 in the route definition: \TU/lmt
t/m/n/10.95 router.delete("/tasks/:id",
 []

[63]) [64]
\openout2 = `chapters/part22.aux'.

 (chapters/part22.tex
Chapter 22.
[65




]
Underfull \hbox (badness 1043) in paragraph at lines 73--75
[]\TU/lmtt/m/n/10.95 http://localhost:5173 \TU/Georgia(0)/m/n/10.95 registered,
 but the app runs on \TU/lmtt/m/n/10.95 http://localhost:5173/
 []

[66]
Overfull \hbox (11.21033pt too wide) in paragraph at lines 152--154
\TU/Georgia(0)/m/n/10.95 Because Google-authenticated users never set a passwor
d on your system, the User schema’s \TU/lmtt/m/n/10.95 password
 []

[67]) [68]
\openout2 = `chapters/part23.aux'.

 (chapters/part23.tex
Chapter 23.

Underfull \hbox (badness 5652) in paragraph at lines 29--29
[]|\TU/Georgia(0)/m/n/10.95 Browser (React state, HTML at-
 []


Underfull \hbox (badness 1888) in paragraph at lines 29--29
[]|\TU/Georgia(0)/m/n/10.95 No – it’s the last line before the
 []

[69




]
Overfull \hbox (25.68382pt too wide) in paragraph at lines 93--98
[]\TU/Georgia(0)/m/n/10.95 The request now passes through, in order: authentica
tion (\TU/lmtt/m/n/10.95 protect\TU/Georgia(0)/m/n/10.95 ), then validation (\T
U/lmtt/m/n/10.95 validateTask\TU/Georgia(0)/m/n/10.95 ),
 []


Underfull \hbox (badness 1810) in paragraph at lines 113--121
[]\TU/Georgia(0)/m/n/10.95 Keep validation rules close to the shape they’re che
cking, but separate from business
 []


Underfull \hbox (badness 5490) in paragraph at lines 126--126
[]\TU/Georgia(0)/b/n/10.95 HOW:[] \TU/Georgia(0)/m/n/10.95 Chain validators lik
e \TU/lmtt/m/n/10.95 body("title").notEmpty() \TU/Georgia(0)/m/n/10.95 into an 
array with a final
 []

[70]) [71]
\openout2 = `chapters/part24.aux'.

 (chapters/part24.tex
Chapter 24.
[72




]
Overfull \hbox (2.20825pt too wide) in paragraph at lines 70--73
\TU/Georgia(0)/m/n/10.95 Writing \TU/lmtt/m/n/10.95 try { ... } catch (err) { n
ext(err) } \TU/Georgia(0)/m/n/10.95 in every single controller is repetitive an
d easy
 []

[73]
Underfull \hbox (badness 4543) in paragraph at lines 169--169
[]|\TU/Georgia(0)/m/n/10.95 A document failed schema rules (\TU/lmtt/m/n/10.95 
required\TU/Georgia(0)/m/n/10.95 , \TU/lmtt/m/n/10.95 enum\TU/Georgia(0)/m/n/10
.95 ,
 []

[74]) [75]
\openout2 = `chapters/part25.aux'.

 (chapters/part25.tex
Chapter 25.
) [76




]
\openout2 = `chapters/part26.aux'.

 (chapters/part26.tex
Chapter 26.
[77




]
Underfull \hbox (badness 10000) in paragraph at lines 131--131
[]|\TU/Georgia(0)/m/n/10.95 “The value of the
 []


Underfull \hbox (badness 10000) in paragraph at lines 131--131
\TU/lmtt/m/n/10.95 Access-Control-Allow-Origin \TU/Georgia(0)/m/n/10.95 header 
in
 []


Underfull \hbox (badness 1215) in paragraph at lines 131--131
\TU/Georgia(0)/m/n/10.95 origin string, and keep \TU/lmtt/m/n/10.95 credentials
: true
 []


Underfull \hbox (badness 2237) in paragraph at lines 131--131
[]|\TU/Georgia(0)/m/n/10.95 Add \TU/lmtt/m/n/10.95 credentials: true \TU/Georgi
a(0)/m/n/10.95 inside the \TU/lmtt/m/n/10.95 cors()
 []


Underfull \hbox (badness 10000) in paragraph at lines 131--131
\TU/lmtt/m/n/10.95 true \TU/Georgia(0)/m/n/10.95 (axios) or \TU/lmtt/m/n/10.95 
credentials: "include"
 []


Underfull \hbox (badness 10000) in paragraph at lines 131--131
[]|\TU/Georgia(0)/m/n/10.95 “Method \TU/lmtt/m/n/10.95 PATCH \TU/Georgia(0)/m/n
/10.95 is not allowed by
 []


Underfull \hbox (badness 10000) in paragraph at lines 131--131
\TU/lmtt/m/n/10.95 Access-Control-Allow-Methods \TU/Georgia(0)/m/n/10.95 in pre
-
 []


Underfull \hbox (badness 10000) in paragraph at lines 131--131
[]|\TU/Georgia(0)/m/n/10.95 Pass an explicit \TU/lmtt/m/n/10.95 methods \TU/Geo
rgia(0)/m/n/10.95 ar-
 []


Underfull \hbox (badness 10000) in paragraph at lines 131--131
\TU/Georgia(0)/m/n/10.95 ray to \TU/lmtt/m/n/10.95 cors()\TU/Georgia(0)/m/n/10.
95 , e.g. \TU/lmtt/m/n/10.95 methods:
 []


Underfull \hbox (badness 10000) in paragraph at lines 131--131
\TU/lmtt/m/n/10.95 ["GET","POST","PUT","PATCH","DELETE"]\TU/Georgia(0)/m/n/10.9
5 ,
 []


LaTeX Warning: `h' float specifier changed to `ht'.


Underfull \hbox (badness 10000) in paragraph at lines 135--139
[]\TU/Georgia(0)/m/n/10.95 In production, read the allowed origin from an envir
onment variable
 []


Underfull \hbox (badness 3792) in paragraph at lines 135--139
\TU/Georgia(0)/m/n/10.95 (\TU/lmtt/m/n/10.95 process.env.CLIENT_URL\TU/Georgia(
0)/m/n/10.95 ) instead of hardcoding \TU/lmtt/m/n/10.95 localhost:5173\TU/Georg
ia(0)/m/n/10.95 , so the same code
 []

) [78] [79]
\openout2 = `chapters/part27.aux'.

 (chapters/part27.tex
Chapter 27.

Overfull \hbox (45.64873pt too wide) in paragraph at lines 31--37
\TU/Georgia(0)/m/n/10.95 JSON bodies (\TU/lmtt/m/n/10.95 application/json\TU/Ge
orgia(0)/m/n/10.95 ) can only carry text. Binary file data is sent using the \T
U/lmtt/m/n/10.95 multipart/form-data
 []

[80




] [81] [82]) [83]
\openout2 = `chapters/part28.aux'.

 (chapters/part28.tex
Chapter 28.
[84




] [85]) [86]
\openout2 = `chapters/part29.aux'.

 (chapters/part29.tex
Chapter 29.
[87




] [88]) [89]
\openout2 = `chapters/part30.aux'.

 (chapters/part30.tex
Chapter 30.
[90




]) [91]
\openout2 = `chapters/part31.aux'.

 (chapters/part31.tex
Chapter 31.
[92




] [93]) [94]
\openout2 = `chapters/part32.aux'.

 (chapters/part32.tex
Chapter 32.
[95




] [96]) [97]
\openout2 = `chapters/part33.aux'.

 (chapters/part33.tex
Chapter 33.
[98




] [99] [100]) [101]
\openout2 = `chapters/part34.aux'.

 (chapters/part34.tex
Chapter 34.
[102




] [103] [104] [105]) [106]
\openout2 = `chapters/part35.aux'.

 (chapters/part35.tex
Chapter 35.

Overfull \hbox (8.79297pt too wide) in paragraph at lines 55--58
[]\TU/lmtt/m/n/10.95 focus:ring-2 \TU/Georgia(0)/m/n/10.95 and \TU/lmtt/m/n/10.
95 focus:ring-blue-500 \TU/Georgia(0)/m/n/10.95 give a visible focus ring witho
ut relying on the browser’s
 []

[107




]
Overfull \hbox (75.54369pt too wide) in paragraph at lines 61--63
\TU/Georgia(0)/m/n/10.95 Compose a base class string and merge variant-specific
 classes, so every button shares padding/rounding/transition
 []

[108] [109]) [110]
\openout2 = `chapters/part36.aux'.

 (chapters/part36.tex
Chapter 36.

Overfull \hbox (78.34644pt too wide) in paragraph at lines 38--41
\TU/Georgia(0)/m/n/10.95 Error Boundaries must currently be class components — 
there is no hook equivalent for \TU/lmtt/m/n/10.95 getDerivedStateFromError
 []

[111




] [112]
Overfull \hbox (3.776pt too wide) in paragraph at lines 144--152
\TU/Georgia(0)/m/n/10.95 Wrapping a component in an \TU/lmtt/m/n/10.95 ErrorBou
ndary \TU/Georgia(0)/m/n/10.95 does nothing for a failed \TU/lmtt/m/n/10.95 axi
os \TU/Georgia(0)/m/n/10.95 call inside its \TU/lmtt/m/n/10.95 useEffect
 []


Underfull \hbox (badness 10000) in paragraph at lines 156--156
[][]\TU/Georgia(0)/b/n/10.95 WHAT:[] \TU/Georgia(0)/m/n/10.95 A class-based Err
orBoundary uses \TU/lmtt/m/n/10.95 getDerivedStateFromError \TU/Georgia(0)/m/n/
10.95 and
 []

) [113]
\openout2 = `chapters/part37.aux'.

 (chapters/part37.tex
Chapter 37.

Overfull \hbox (38.72255pt too wide) in paragraph at lines 41--47
\TU/Georgia(0)/m/n/10.95 browsers from sending it on cross-site requests, and o
nly accept state-changing requests (\TU/lmtt/m/n/10.95 POST\TU/Georgia(0)/m/n/1
0.95 /\TU/lmtt/m/n/10.95 PUT\TU/Georgia(0)/m/n/10.95 /\TU/lmtt/m/n/10.95 DELETE
\TU/Georgia(0)/m/n/10.95 )
 []

[114




] [115] [116]
Underfull \hbox (badness 10000) in paragraph at lines 216--216
[]|\TU/Georgia(0)/m/n/10.95 NoSQL injec-
 []


Underfull \hbox (badness 10000) in paragraph at lines 216--216
[]|\TU/Georgia(0)/m/n/10.95 Credential
 []


Underfull \hbox (badness 10000) in paragraph at lines 216--216
\TU/Georgia(0)/m/n/10.95 theft (XSS
 []


Underfull \hbox (badness 10000) in paragraph at lines 216--216
\TU/Georgia(0)/m/n/10.95 reading to-
 []


Underfull \hbox (badness 10000) in paragraph at lines 216--216
[]|\TU/Georgia(0)/m/n/10.95 Header-based
 []


Underfull \hbox (badness 10000) in paragraph at lines 216--216
[]|\TU/Georgia(0)/m/n/10.95 Exposed se-
 []


Underfull \hbox (badness 10000) in paragraph at lines 216--216
[]|\TU/Georgia(0)/m/n/10.95 Malicious up-
 []


Overfull \hbox (18.39723pt too wide) in paragraph at lines 216--216
[]|\TU/Georgia(0)/m/n/10.95 Malformed/invalid
 []


Underfull \hbox (badness 5460) in paragraph at lines 222--222
[][]\TU/Georgia(0)/b/n/10.95 WHAT:[] \TU/Georgia(0)/m/n/10.95 A secure MERN API
 layers helmet headers, rate limiting, input sanitiza-
 []

) [117]
\openout2 = `chapters/part38.aux'.

 (chapters/part38.tex
Chapter 38.
[118




]
Underfull \hbox (badness 10000) in paragraph at lines 92--92
[]|\TU/Georgia(0)/m/n/10.95 Built into the bundle,
 []


Underfull \hbox (badness 1253) in paragraph at lines 92--92
[]|\TU/Georgia(0)/m/n/10.95 Must start with \TU/lmtt/m/n/10.95 VITE_ \TU/Georgi
a(0)/m/n/10.95 to be ex-
 []


Underfull \hbox (badness 1383) in paragraph at lines 92--92
[]|\TU/Georgia(0)/m/n/10.95 Compiled directly into public JS
 []

[119]) [120]
\openout2 = `chapters/part39.aux'.

 (chapters/part39.tex
Chapter 39.
[121




] [122]) [123]
\openout2 = `chapters/part40.aux'.

 (chapters/part40.tex
Chapter 40.
[124




] [125]) [126]
\openout2 = `chapters/part41.aux'.

 (chapters/part41.tex
Chapter 41.

Underfull \hbox (badness 2285) in paragraph at lines 19--19
[]|\TU/Georgia(0)/m/n/10.95 Backend response is missing an \TU/lmtt/m/n/10.95 A
ccess-Control-Allow-Origin \TU/Georgia(0)/m/n/10.95 header that
 []

[127




] [128]) [129]
\openout2 = `chapters/part42.aux'.

 (chapters/part42.tex
Chapter 42.

Underfull \hbox (badness 10000) in paragraph at lines 44--44
[]|\TU/lmtt/m/n/10.95 MongooseServerSelectionError \TU/Georgia(0)/m/n/10.95 or 
\TU/lmtt/m/n/10.95 MongoNetworkError \TU/Georgia(0)/m/n/10.95 shortly after
 []

[130




]
Underfull \hbox (badness 10000) in paragraph at lines 116--116
[]|\TU/Georgia(0)/m/n/10.95 Error message contains \TU/lmtt/m/n/10.95 E11000 du
plicate key error \TU/Georgia(0)/m/n/10.95 and the offending
 []

[131]
Underfull \hbox (badness 4726) in paragraph at lines 142--142
[]|\TU/Georgia(0)/m/n/10.95 Double-check the method + path match exactly, and t
hat specific routes
 []


Underfull \hbox (badness 2134) in paragraph at lines 155--155
[]|\TU/Georgia(0)/m/n/10.95 Preflight \TU/lmtt/m/n/10.95 OPTIONS \TU/Georgia(0)
/m/n/10.95 request in the Network tab returns without the expected
 []

) [132]
\openout2 = `chapters/part43.aux'.

 (chapters/part43.tex
Chapter 43.
[133




]
Underfull \hbox (badness 10000) in paragraph at lines 84--84
[]|\TU/Georgia(0)/m/n/10.95 Set \TU/lmtt/m/n/10.95 withCredentials: true \TU/Ge
orgia(0)/m/n/10.95 on the Axios instance \TU/Georgia(0)/m/it/10.95 and \TU/lmtt
/m/n/10.95 cors({ origin:
 []


Underfull \hbox (badness 1033) in paragraph at lines 84--84
\TU/lmtt/m/n/10.95 FRONTEND_URL, credentials: true }) \TU/Georgia(0)/m/n/10.95 
on the backend — both sides are re-
 []

) [134]
\openout2 = `chapters/part44.aux'.

 (chapters/part44.tex
Chapter 44.
[135




]
Overfull \hbox (12.71974pt too wide) in paragraph at lines 80--80
[]|\TU/lmtt/b/n/10.95 GOOGLE_CLIENT_ID/SECRET| 
 []


Overfull \hbox (17.0pt too wide) in paragraph at lines 80--81
[][] 
 []

[136]
Underfull \hbox (badness 4084) in paragraph at lines 140--140
[][]\TU/Georgia(0)/b/n/10.95 WHAT:[] \TU/Georgia(0)/m/n/10.95 Two independently
 deployed pieces — a static frontend build and a long-
 []

) [137]
\openout2 = `chapters/part45.aux'.

 (chapters/part45.tex
Chapter 45.
[138




]) [139]
\openout2 = `chapters/part46.aux'.

 (chapters/part46.tex
Chapter 46.
[140




]
Underfull \hbox (badness 10000) in paragraph at lines 97--97
[]|\TU/lmtt/m/n/10.95 services/
 []


Underfull \hbox (badness 10000) in paragraph at lines 97--97
[]|\TU/lmtt/m/n/10.95 utils/
 []


Underfull \hbox (badness 10000) in paragraph at lines 97--97
[]|\TU/lmtt/m/n/10.95 services/
 []


Underfull \hbox (badness 10000) in paragraph at lines 97--97
[]|\TU/lmtt/m/n/10.95 utils/
 []

) [141]
\openout2 = `chapters/part47.aux'.

 (chapters/part47.tex
Chapter 47.
[142




]) [143]
\openout2 = `chapters/part48.aux'.

 (chapters/part48.tex
Chapter 48.
) [144




]
\openout2 = `chapters/part49.aux'.

 (chapters/part49.tex
Chapter 49.
[145




]) [146]
\openout2 = `chapters/final.aux'.

 (chapters/final.tex [147




] [148]
Overfull \hbox (67.36179pt too wide) in paragraph at lines 75--75
[]|\TU/lmtt/m/n/10.95 app.use/get/post/put/patch/delete| 
 []


Overfull \hbox (15.62305pt too wide) in paragraph at lines 75--75
[]|\TU/lmtt/m/n/10.95 findByIdAndUpdate/Delete| 
 []


Overfull \hbox (15.62305pt too wide) in paragraph at lines 75--75
[]|\TU/lmtt/m/n/10.95 populate/sort/limit/skip| 
 []

[149]
Overfull \hbox (17.0pt too wide) in paragraph at lines 139--140
[][] 
 []

[150]
Underfull \hbox (badness 10000) in paragraph at lines 164--164
[]|\TU/Georgia(0)/b/n/10.95 Top Frontend
 []


Underfull \hbox (badness 10000) in paragraph at lines 164--164
[]|\TU/Georgia(0)/b/n/10.95 Cannot read
 []


Underfull \hbox (badness 3557) in paragraph at lines 164--164
\TU/Georgia(0)/b/n/10.95 ’...’ of unde-
 []


Underfull \hbox (badness 1648) in paragraph at lines 164--164
[]|\TU/Georgia(0)/b/n/10.95 Env var unde-
 []


Overfull \hbox (17.0pt too wide) in paragraph at lines 164--165
[][] 
 []


Underfull \hbox (badness 10000) in paragraph at lines 176--176
[]|\TU/Georgia(0)/b/n/10.95 Top Backend
 []


Underfull \hbox (badness 10000) in paragraph at lines 176--176
[]|\TU/Georgia(0)/b/n/10.95 E11000 dupli-
 []


Overfull \hbox (17.0pt too wide) in paragraph at lines 176--177
[][] 
 []

) [151] (main.aux (chapters/part01.aux) (chapters/part02.aux)
(chapters/part03.aux) (chapters/part04.aux) (chapters/part05.aux)
(chapters/part06.aux) (chapters/part07.aux) (chapters/part08.aux)
(chapters/part09.aux) (chapters/part10.aux) (chapters/part11.aux)
(chapters/part12.aux) (chapters/part13.aux) (chapters/part14.aux)
(chapters/part15.aux) (chapters/part16.aux) (chapters/part17.aux)
(chapters/part18.aux) (chapters/part19.aux) (chapters/part20.aux)
(chapters/part21.aux) (chapters/part22.aux) (chapters/part23.aux)
(chapters/part24.aux) (chapters/part25.aux) (chapters/part26.aux)
(chapters/part27.aux) (chapters/part28.aux) (chapters/part29.aux)
(chapters/part30.aux) (chapters/part31.aux) (chapters/part32.aux)
(chapters/part33.aux) (chapters/part34.aux) (chapters/part35.aux)
(chapters/part36.aux) (chapters/part37.aux) (chapters/part38.aux)
(chapters/part39.aux) (chapters/part40.aux) (chapters/part41.aux)
(chapters/part42.aux) (chapters/part43.aux) (chapters/part44.aux)
(chapters/part45.aux) (chapters/part46.aux) (chapters/part47.aux)
(chapters/part48.aux) (chapters/part49.aux) (chapters/final.aux))
 ***********
LaTeX2e <2026-06-01>
L3 programming layer <2026-05-26>
 ***********
Package rerunfilecheck Info: File `main.out' has not changed.
(rerunfilecheck)             Checksum: 8B37C8A71B99A98FBD3B9CB31CCD8B96;45634.
 ) 
Here is how much of TeX's memory you used:
 31485 strings out of 402628
 653513 string characters out of 5439113
 1536915 words of memory out of 5000000
 59756 multiletter control sequences out of 15000+600000
 635840 words of font info for 134 fonts, out of 8000000 for 9000
 1348 hyphenation exceptions out of 8191
 116i,13n,121p,492b,1902s stack positions out of 10000i,1000n,20000p,200000b,200000s

Output written on main.pdf (159 pages).
